Component: ARM Compiler 5.06 update 4 (build 422) Tool: armlink [4d35d2]

==============================================================================

Section Cross References

    startup_tm4c123.o(STACK) refers (Special) to heapauxi.o(.text) for __use_two_region_memory
    startup_tm4c123.o(HEAP) refers (Special) to heapauxi.o(.text) for __use_two_region_memory
    startup_tm4c123.o(RESET) refers (Special) to heapauxi.o(.text) for __use_two_region_memory
    startup_tm4c123.o(RESET) refers to startup_tm4c123.o(STACK) for __initial_sp
    startup_tm4c123.o(RESET) refers to startup_tm4c123.o(.text) for Reset_Handler
    startup_tm4c123.o(.text) refers (Special) to heapauxi.o(.text) for __use_two_region_memory
    startup_tm4c123.o(.text) refers to __main.o(!!!main) for __main
    startup_tm4c123.o(.text) refers to startup_tm4c123.o(HEAP) for Heap_Mem
    startup_tm4c123.o(.text) refers to startup_tm4c123.o(STACK) for Stack_Mem
    main.o(i.main) refers to pll.o(i.PLL_Init) for PLL_Init
    main.o(i.main) refers to systick.o(i.SysTick_Init) for SysTick_Init
    main.o(i.main) refers to circle.o(i.G02) for G02
    main.o(i.main) refers to main.o(.bss) for Gcurrent
    circle.o(i.Arc_Param_Cal) refers to circle.o(i.get_centers) for get_centers
    circle.o(i.Arc_Param_Cal) refers to misc.o(i.adjust_num) for adjust_num
    circle.o(i.Arc_Param_Cal) refers to circle.o(.bss) for centers
    circle.o(i.Arc_Param_Cal) refers to main.o(.bss) for Gnext
    circle.o(i.Arc_Param_Init) refers to circle.o(.bss) for centers
    circle.o(i.Arc_Param_Init) refers to circle.o(.data) for rsq
    circle.o(i.Arc_Param_Init) refers to main.o(.bss) for Gcurrent
    circle.o(i.Circular_Interpolation) refers to systick.o(i.start_micro) for start_micro
    circle.o(i.Circular_Interpolation) refers to circle.o(i.quadrant_binrep) for quadrant_binrep
    circle.o(i.Circular_Interpolation) refers to circle.o(i.direction_binrep) for direction_binrep
    circle.o(i.Circular_Interpolation) refers to dflt_clz.o(x$fpl$dflt) for __aeabi_i2d
    circle.o(i.Circular_Interpolation) refers to copysign.o(i.copysign) for copysign
    circle.o(i.Circular_Interpolation) refers to daddsub_clz.o(x$fpl$drsb) for __aeabi_drsub
    circle.o(i.Circular_Interpolation) refers to daddsub_clz.o(x$fpl$dadd) for __aeabi_dadd
    circle.o(i.Circular_Interpolation) refers to pow.o(i.pow) for pow
    circle.o(i.Circular_Interpolation) refers to dmul.o(x$fpl$dmul) for __aeabi_dmul
    circle.o(i.Circular_Interpolation) refers to daddsub_clz.o(x$fpl$dsub) for __aeabi_dsub
    circle.o(i.Circular_Interpolation) refers to dleqf.o(x$fpl$dleqf) for __aeabi_cdcmple
    circle.o(i.Circular_Interpolation) refers to misc.o(i.adjust_num) for adjust_num
    circle.o(i.Circular_Interpolation) refers to systick.o(i.current) for current
    circle.o(i.Circular_Interpolation) refers to uart.o(i.UART_OutDec) for UART_OutDec
    circle.o(i.Circular_Interpolation) refers to circle.o(.bss) for comp
    circle.o(i.Circular_Interpolation) refers to main.o(.bss) for machine_cons
    circle.o(i.Circular_Interpolation) refers to circle.o(.data) for xi
    circle.o(i.G02) refers to circle.o(i.Arc_Param_Init) for Arc_Param_Init
    circle.o(i.G02) refers to circle.o(i.Arc_Param_Cal) for Arc_Param_Cal
    circle.o(i.G02) refers to circle.o(i.Circular_Interpolation) for Circular_Interpolation
    circle.o(i.get_centers) refers to daddsub_clz.o(x$fpl$dadd) for __aeabi_dadd
    circle.o(i.get_centers) refers to ddiv.o(x$fpl$ddiv) for __aeabi_ddiv
    circle.o(i.get_centers) refers to daddsub_clz.o(x$fpl$dsub) for __aeabi_dsub
    circle.o(i.get_centers) refers to dmul.o(x$fpl$dmul) for __aeabi_dmul
    circle.o(i.get_centers) refers to sqrt.o(i.sqrt) for sqrt
    circle.o(i.get_centers) refers to daddsub_clz.o(x$fpl$drsb) for __aeabi_drsub
    circle.o(i.get_centers) refers to acos.o(i.acos) for acos
    circle.o(i.get_centers) refers to drleqf.o(x$fpl$drleqf) for __aeabi_cdrcmple
    circle.o(i.get_centers) refers to main.o(.bss) for Gcurrent
    circle.o(i.get_centers) refers to circle.o(.data) for rsq
    misc.o(i.adjust_num) refers to dmul.o(x$fpl$dmul) for __aeabi_dmul
    misc.o(i.adjust_num) refers to dfix.o(x$fpl$dfix) for __aeabi_d2iz
    uart.o(i.Read_Line) refers to calloc.o(.text) for calloc
    uart.o(i.Read_Line) refers to uart.o(i.UART_Read) for UART_Read
    uart.o(i.Read_Line) refers to h1_realloc.o(.text) for realloc
    uart.o(i.Read_Line) refers to uart.o(.data) for i
    uart.o(i.UART_OutCHex) refers to uart.o(i.UART_OutChar) for UART_OutChar
    uart.o(i.UART_OutCRLF) refers to uart.o(i.UART_OutChar) for UART_OutChar
    uart.o(i.UART_OutDec) refers to uart.o(i.UART_OutChar) for UART_OutChar
    uart.o(i.UART_OutFloat) refers to dleqf.o(x$fpl$dleqf) for __aeabi_cdcmple
    uart.o(i.UART_OutFloat) refers to dmul.o(x$fpl$dmul) for __aeabi_dmul
[...]
    pow_x.o(i.__pow$lsc) refers to dunder.o(i.__mathlib_dbl_infnan2) for __mathlib_dbl_infnan2
    pow_x.o(i.__pow$lsc) refers to _rserrno.o(.text) for __set_errno
    pow_x.o(i.__pow$lsc) refers to ddiv.o(x$fpl$ddiv) for __aeabi_ddiv
    pow_x.o(i.__pow$lsc) refers to sqrt.o(i.sqrt) for sqrt
    pow_x.o(i.__pow$lsc) refers to dmul.o(x$fpl$dmul) for __aeabi_dmul
    pow_x.o(i.__pow$lsc) refers to dflt_clz.o(x$fpl$dflt) for __aeabi_i2d
    pow_x.o(i.__pow$lsc) refers to daddsub_clz.o(x$fpl$dsub) for __aeabi_dsub
    pow_x.o(i.__pow$lsc) refers to scalbn.o(x$fpl$scalbn) for __ARM_scalbn
    pow_x.o(i.__pow$lsc) refers to daddsub_clz.o(x$fpl$drsb) for __aeabi_drsub
    pow_x.o(i.__pow$lsc) refers to daddsub_clz.o(x$fpl$dadd) for __aeabi_dadd
    pow_x.o(i.__pow$lsc) refers to qnan.o(.constdata) for __mathlib_zero
    pow_x.o(i.__pow$lsc) refers to poly.o(i.__kernel_poly) for __kernel_poly
    pow_x.o(i.__pow$lsc) refers to drleqf.o(x$fpl$drleqf) for __aeabi_cdrcmple
    pow_x.o(i.__pow$lsc) refers to pow_x.o(.constdata) for .constdata
    pow_x.o(.constdata) refers (Special) to usenofp.o(x$fpl$usenofp) for __I$use$fp
    sqrt.o(i.__softfp_sqrt) refers (Special) to usenofp.o(x$fpl$usenofp) for __I$use$fp
    sqrt.o(i.__softfp_sqrt) refers to dsqrt_umaal.o(x$fpl$dsqrt) for _dsqrt
    sqrt.o(i.__softfp_sqrt) refers to _rserrno.o(.text) for __set_errno
    sqrt.o(i.sqrt) refers (Special) to usenofp.o(x$fpl$usenofp) for __I$use$fp
    sqrt.o(i.sqrt) refers to dsqrt_umaal.o(x$fpl$dsqrt) for _dsqrt
    sqrt.o(i.sqrt) refers to _rserrno.o(.text) for __set_errno
    sqrt_x.o(i.____softfp_sqrt$lsc) refers (Special) to usenofp.o(x$fpl$usenofp) for __I$use$fp
    sqrt_x.o(i.____softfp_sqrt$lsc) refers to dleqf.o(x$fpl$dleqf) for __aeabi_cdcmple
    sqrt_x.o(i.____softfp_sqrt$lsc) refers to _rserrno.o(.text) for __set_errno
    sqrt_x.o(i.____softfp_sqrt$lsc) refers to dsqrt_umaal.o(x$fpl$dsqrt) for _dsqrt
    sqrt_x.o(i.__sqrt$lsc) refers (Special) to usenofp.o(x$fpl$usenofp) for __I$use$fp
    sqrt_x.o(i.__sqrt$lsc) refers to dleqf.o(x$fpl$dleqf) for __aeabi_cdcmple
    sqrt_x.o(i.__sqrt$lsc) refers to _rserrno.o(.text) for __set_errno
    sqrt_x.o(i.__sqrt$lsc) refers to dsqrt_umaal.o(x$fpl$dsqrt) for _dsqrt
    __rtentry.o(.ARM.Collect$$rtentry$$00000000) refers (Special) to __rtentry2.o(.ARM.Collect$$rtentry$$0000000A) for __rt_entry_li
    __rtentry.o(.ARM.Collect$$rtentry$$00000000) refers (Special) to __rtentry2.o(.ARM.Collect$$rtentry$$0000000D) for __rt_entry_main
    __rtentry.o(.ARM.Collect$$rtentry$$00000000) refers (Special) to __rtentry2.o(.ARM.Collect$$rtentry$$0000000C) for __rt_entry_postli_1
    __rtentry.o(.ARM.Collect$$rtentry$$00000000) refers (Special) to __rtentry2.o(.ARM.Collect$$rtentry$$00000009) for __rt_entry_postsh_1
    __rtentry.o(.ARM.Collect$$rtentry$$00000000) refers (Special) to __rtentry2.o(.ARM.Collect$$rtentry$$00000002) for __rt_entry_presh_1
    __rtentry.o(.ARM.Collect$$rtentry$$00000000) refers (Special) to __rtentry4.o(.ARM.Collect$$rtentry$$00000004) for __rt_entry_sh
    rt_heap_descriptor.o(.text) refers to rt_heap_descriptor.o(.bss) for __rt_heap_descriptor_data
    rt_heap_descriptor_intlibspace.o(.text) refers to libspace.o(.bss) for __libspace_start
    init_alloc.o(.text) refers (Special) to hguard.o(.text) for __heap$guard
    init_alloc.o(.text) refers (Special) to libinit2.o(.ARM.Collect$$libinit$$00000005) for __rt_lib_init_heap_2
    init_alloc.o(.text) refers (Special) to maybetermalloc1.o(.emb_text) for _maybe_terminate_alloc
    init_alloc.o(.text) refers to h1_extend.o(.text) for __Heap_ProvideMemory
    init_alloc.o(.text) refers to defsig_rtmem_outer.o(.text) for __rt_SIGRTMEM
    init_alloc.o(.text) refers to rt_heap_descriptor_intlibspace.o(.text) for __rt_heap_descriptor
    init_alloc.o(.text) refers to h1_init.o(.text) for __Heap_Initialize
    malloc.o(.text) refers (Special) to hguard.o(.text) for __heap$guard
    malloc.o(.text) refers (Special) to init_alloc.o(.text) for _init_alloc
    malloc.o(.text) refers to rt_heap_descriptor_intlibspace.o(.text) for __rt_heap_descriptor
    malloc.o(.text) refers to heapstubs.o(.text) for __Heap_Alloc
    free.o(.text) refers (Special) to hguard.o(.text) for __heap$guard
    free.o(.text) refers to rt_heap_descriptor_intlibspace.o(.text) for __rt_heap_descriptor
    free.o(.text) refers to heapstubs.o(.text) for __Heap_Free
    h1_alloc.o(.text) refers (Special) to h1_init.o(.text) for __Heap_Initialize
    h1_alloc.o(.text) refers to rt_heap_descriptor_intlibspace.o(.text) for __rt_heap_descriptor
    h1_alloc.o(.text) refers to init_alloc.o(.text) for __Heap_Full
    h1_free.o(.text) refers to rt_heap_descriptor_intlibspace.o(.text) for __rt_heap_descriptor
    h1_alloc_mt.o(.text) refers (Special) to h1_init.o(.text) for __Heap_Initialize
    h1_alloc_mt.o(.text) refers to init_alloc.o(.text) for __Heap_Full
    h1_alloc_mt.o(.text) refers to rt_heap_descriptor_intlibspace.o(.text) for __rt_heap_descriptor
    h1_free_mt.o(.text) refers to rt_heap_descriptor_intlibspace.o(.text) for __rt_heap_descriptor
    _rserrno.o(.text) refers to rt_errno_addr_intlibspace.o(.text) for __aeabi_errno_addr
    rt_memclr.o(.text) refers to rt_memclr_w.o(.text) for _memset_w
    dcmpi.o(x$fpl$dcmpinf) refers (Special) to usenofp.o(x$fpl$usenofp) for __I$use$fp
    dnaninf.o(x$fpl$dnaninf) refers (Special) to usenofp.o(x$fpl$usenofp) for __I$use$fp
    dretinf.o(x$fpl$dretinf) refers (Special) to usenofp.o(x$fpl$usenofp) for __I$use$fp
    dsqrt_umaal.o(x$fpl$dsqrt) refers (Special) to usenofp.o(x$fpl$usenofp) for __I$use$fp
    dsqrt_umaal.o(x$fpl$dsqrt) refers to dnaninf.o(x$fpl$dnaninf) for __fpl_dnaninf
    scalbn.o(x$fpl$scalbn) refers (Special) to usenofp.o(x$fpl$usenofp) for __I$use$fp
    scalbn.o(x$fpl$scalbn) refers to dcheck1.o(x$fpl$dcheck1) for __fpl_dcheck_NaN1
    dunder.o(i.__mathlib_dbl_divzero) refers to ddiv.o(x$fpl$ddiv) for __aeabi_ddiv
    dunder.o(i.__mathlib_dbl_infnan) refers to scalbn.o(x$fpl$scalbn) for __ARM_scalbn
    dunder.o(i.__mathlib_dbl_infnan2) refers to daddsub_clz.o(x$fpl$dadd) for __aeabi_dadd
    dunder.o(i.__mathlib_dbl_invalid) refers to ddiv.o(x$fpl$ddiv) for __aeabi_ddiv
    dunder.o(i.__mathlib_dbl_overflow) refers to scalbn.o(x$fpl$scalbn) for __ARM_scalbn
    dunder.o(i.__mathlib_dbl_posinfnan) refers to dmul.o(x$fpl$dmul) for __aeabi_dmul
    dunder.o(i.__mathlib_dbl_underflow) refers to scalbn.o(x$fpl$scalbn) for __ARM_scalbn
    fpclassify.o(i.__ARM_fpclassify) refers (Special) to usenofp.o(x$fpl$usenofp) for __I$use$fp
    poly.o(i.__kernel_poly) refers (Special) to usenofp.o(x$fpl$usenofp) for __I$use$fp
    poly.o(i.__kernel_poly) refers to dmul.o(x$fpl$dmul) for __aeabi_dmul
    poly.o(i.__kernel_poly) refers to daddsub_clz.o(x$fpl$dadd) for __aeabi_dadd
    qnan.o(.constdata) refers (Special) to usenofp.o(x$fpl$usenofp) for __I$use$fp
    libspace.o(.text) refers to libspace.o(.bss) for __libspace_start
    __rtentry2.o(.ARM.Collect$$rtentry$$00000008) refers to boardinit2.o(.text) for _platform_post_stackheap_init
    __rtentry2.o(.ARM.Collect$$rtentry$$0000000A) refers to libinit.o(.ARM.Collect$$libinit$$00000000) for __rt_lib_init
    __rtentry2.o(.ARM.Collect$$rtentry$$0000000B) refers to boardinit3.o(.text) for _platform_post_lib_init
    __rtentry2.o(.ARM.Collect$$rtentry$$0000000D) refers to main.o(i.main) for main
    __rtentry2.o(.ARM.Collect$$rtentry$$0000000D) refers to exit.o(.text) for exit
    __rtentry2.o(.ARM.exidx) refers to __rtentry2.o(.ARM.Collect$$rtentry$$00000001) for .ARM.Collect$$rtentry$$00000001
    __rtentry2.o(.ARM.exidx) refers to __rtentry2.o(.ARM.Collect$$rtentry$$00000008) for .ARM.Collect$$rtentry$$00000008
    __rtentry2.o(.ARM.exidx) refers to __rtentry2.o(.ARM.Collect$$rtentry$$0000000A) for .ARM.Collect$$rtentry$$0000000A
    __rtentry2.o(.ARM.exidx) refers to __rtentry2.o(.ARM.Collect$$rtentry$$0000000B) for .ARM.Collect$$rtentry$$0000000B
    __rtentry2.o(.ARM.exidx) refers to __rtentry2.o(.ARM.Collect$$rtentry$$0000000D) for .ARM.Collect$$rtentry$$0000000D
    __rtentry4.o(.ARM.Collect$$rtentry$$00000004) refers to sys_stackheap_outer.o(.text) for __user_setup_stackheap
    __rtentry4.o(.ARM.exidx) refers to __rtentry4.o(.ARM.Collect$$rtentry$$00000004) for .ARM.Collect$$rtentry$$00000004
    rt_errno_addr.o(.text) refers to rt_errno_addr.o(.bss) for __aeabi_errno_addr_data
    rt_errno_addr_intlibspace.o(.text) refers to libspace.o(.bss) for __libspace_start
    maybetermalloc2.o(.emb_text) refers (Special) to term_alloc.o(.text) for _terminate_alloc
    h1_extend.o(.text) refers to h1_free.o(.text) for free
    h1_init_mt.o(.text) refers to mutex_dummy.o(.text) for _mutex_initialize
    h1_extend_mt.o(.text) refers to h1_free_mt.o(.text) for _free_internal
    defsig_rtmem_outer.o(.text) refers to defsig_rtmem_inner.o(.text) for __rt_SIGRTMEM_inner
    defsig_rtmem_outer.o(.text) refers to defsig_exit.o(.text) for __sig_exit
    defsig_rtmem_formal.o(.text) refers to rt_raise.o(.text) for __rt_raise
    heapauxa.o(.text) refers to heapauxa.o(.data) for .data
    _get_argv.o(.text) refers (Special) to hrguard.o(.text) for __heap_region$guard
    _get_argv.o(.text) refers to h1_alloc.o(.text) for malloc
    _get_argv.o(.text) refers to defsig_rtmem_outer.o(.text) for __rt_SIGRTMEM
    _get_argv.o(.text) refers to sys_command.o(.text) for _sys_command_string
    libinit2.o(.ARM.Collect$$libinit$$00000005) refers (Weak) to init_alloc.o(.text) for _init_alloc
    libinit2.o(.ARM.Collect$$libinit$$00000010) refers to libinit2.o(.ARM.Collect$$libinit$$0000000F) for .ARM.Collect$$libinit$$0000000F
    libinit2.o(.ARM.Collect$$libinit$$00000012) refers to libinit2.o(.ARM.Collect$$libinit$$0000000F) for .ARM.Collect$$libinit$$0000000F
    libinit2.o(.ARM.Collect$$libinit$$00000014) refers to libinit2.o(.ARM.Collect$$libinit$$0000000F) for .ARM.Collect$$libinit$$0000000F
    libinit2.o(.ARM.Collect$$libinit$$00000016) refers to libinit2.o(.ARM.Collect$$libinit$$0000000F) for .ARM.Collect$$libinit$$0000000F
    libinit2.o(.ARM.Collect$$libinit$$00000018) refers to libinit2.o(.ARM.Collect$$libinit$$0000000F) for .ARM.Collect$$libinit$$0000000F
    libinit2.o(.ARM.Collect$$libinit$$00000026) refers to argv_veneer.o(.emb_text) for __ARM_argv_veneer
    libinit2.o(.ARM.Collect$$libinit$$00000027) refers to argv_veneer.o(.emb_text) for __ARM_argv_veneer
    dcheck1.o(x$fpl$dcheck1) refers (Special) to usenofp.o(x$fpl$usenofp) for __I$use$fp
    dcheck1.o(x$fpl$dcheck1) refers to retnan.o(x$fpl$retnan) for __fpl_return_NaN
    sys_command.o(.text) refers (Special) to use_no_semi.o(.text) for __I$use$semihosting
    sys_command.o(.text) refers (Special) to indicate_semi.o(.text) for __semihosting_library_function
    sys_stackheap_outer.o(.text) refers to libspace.o(.text) for __user_perproc_libspace
    sys_stackheap_outer.o(.text) refers to startup_tm4c123.o(.text) for __user_initial_stackheap
    rt_raise.o(.text) refers to __raise.o(.text) for __raise
    rt_raise.o(.text) refers to sys_exit.o(.text) for _sys_exit
    term_alloc.o(.text) refers (Special) to libshutdown2.o(.ARM.Collect$$libshutdown$$0000000E) for __rt_lib_shutdown_heap_2
    term_alloc.o(.text) refers to rt_heap_descriptor_intlibspace.o(.text) for __rt_heap_descriptor
    term_alloc.o(.text) refers to h1_final.o(.text) for __Heap_Finalize
    exit.o(.text) refers to rtexit.o(.ARM.Collect$$rtexit$$00000000) for __rt_exit
    defsig_exit.o(.text) refers to sys_exit.o(.text) for _sys_exit
    defsig_rtmem_inner.o(.text) refers to defsig_general.o(.text) for __default_signal_display
    argv_veneer.o(.emb_text) refers to no_argv.o(.text) for __ARM_get_argv
    libinit.o(.ARM.Collect$$libinit$$00000000) refers (Special) to libinit2.o(.ARM.Collect$$libinit$$0000002E) for __rt_lib_init_alloca_1
    libinit.o(.ARM.Collect$$libinit$$00000000) refers (Special) to libinit2.o(.ARM.Collect$$libinit$$0000002C) for __rt_lib_init_argv_1
    libinit.o(.ARM.Collect$$libinit$$00000000) refers (Special) to libinit2.o(.ARM.Collect$$libinit$$0000001B) for __rt_lib_init_atexit_1
    libinit.o(.ARM.Collect$$libinit$$00000000) refers (Special) to libinit2.o(.ARM.Collect$$libinit$$00000021) for __rt_lib_init_clock_1
    libinit.o(.ARM.Collect$$libinit$$00000000) refers (Special) to libinit2.o(.ARM.Collect$$libinit$$00000032) for __rt_lib_init_cpp_1
    libinit.o(.ARM.Collect$$libinit$$00000000) refers (Special) to libinit2.o(.ARM.Collect$$libinit$$00000030) for __rt_lib_init_exceptions_1
    libinit.o(.ARM.Collect$$libinit$$00000000) refers (Special) to libinit2.o(.ARM.Collect$$libinit$$00000002) for __rt_lib_init_fp_1
    libinit.o(.ARM.Collect$$libinit$$00000000) refers (Special) to libinit2.o(.ARM.Collect$$libinit$$0000001F) for __rt_lib_init_fp_trap_1
    libinit.o(.ARM.Collect$$libinit$$00000000) refers (Special) to libinit2.o(.ARM.Collect$$libinit$$00000023) for __rt_lib_init_getenv_1
    libinit.o(.ARM.Collect$$libinit$$00000000) refers (Special) to libinit2.o(.ARM.Collect$$libinit$$0000000A) for __rt_lib_init_heap_1
    libinit.o(.ARM.Collect$$libinit$$00000000) refers (Special) to libinit2.o(.ARM.Collect$$libinit$$00000011) for __rt_lib_init_lc_collate_1
    libinit.o(.ARM.Collect$$libinit$$00000000) refers (Special) to libinit2.o(.ARM.Collect$$libinit$$00000013) for __rt_lib_init_lc_ctype_1
    libinit.o(.ARM.Collect$$libinit$$00000000) refers (Special) to libinit2.o(.ARM.Collect$$libinit$$00000015) for __rt_lib_init_lc_monetary_1
    libinit.o(.ARM.Collect$$libinit$$00000000) refers (Special) to libinit2.o(.ARM.Collect$$libinit$$00000017) for __rt_lib_init_lc_numeric_1
    libinit.o(.ARM.Collect$$libinit$$00000000) refers (Special) to libinit2.o(.ARM.Collect$$libinit$$00000019) for __rt_lib_init_lc_time_1
    libinit.o(.ARM.Collect$$libinit$$00000000) refers (Special) to libinit2.o(.ARM.Collect$$libinit$$00000004) for __rt_lib_init_preinit_1
    libinit.o(.ARM.Collect$$libinit$$00000000) refers (Special) to libinit2.o(.ARM.Collect$$libinit$$0000000E) for __rt_lib_init_rand_1
    libinit.o(.ARM.Collect$$libinit$$00000000) refers (Special) to libinit2.o(.ARM.Collect$$libinit$$00000033) for __rt_lib_init_return
    libinit.o(.ARM.Collect$$libinit$$00000000) refers (Special) to libinit2.o(.ARM.Collect$$libinit$$0000001D) for __rt_lib_init_signal_1
    libinit.o(.ARM.Collect$$libinit$$00000000) refers (Special) to libinit2.o(.ARM.Collect$$libinit$$00000025) for __rt_lib_init_stdio_1
    libinit.o(.ARM.Collect$$libinit$$00000000) refers (Special) to libinit2.o(.ARM.Collect$$libinit$$0000000C) for __rt_lib_init_user_alloc_1
    retnan.o(x$fpl$retnan) refers (Special) to usenofp.o(x$fpl$usenofp) for __I$use$fp
    retnan.o(x$fpl$retnan) refers to trapv.o(x$fpl$trapveneer) for __fpl_cmpreturn
    sys_exit.o(.text) refers (Special) to use_no_semi.o(.text) for __I$use$semihosting
    sys_exit.o(.text) refers (Special) to indicate_semi.o(.text) for __semihosting_library_function
    rtexit.o(.ARM.Collect$$rtexit$$00000000) refers (Special) to rtexit2.o(.ARM.Collect$$rtexit$$00000004) for __rt_exit_exit
    rtexit.o(.ARM.Collect$$rtexit$$00000000) refers (Special) to rtexit2.o(.ARM.Collect$$rtexit$$00000003) for __rt_exit_ls
    rtexit.o(.ARM.Collect$$rtexit$$00000000) refers (Special) to rtexit2.o(.ARM.Collect$$rtexit$$00000002) for __rt_exit_prels_1
    rtexit.o(.ARM.exidx) refers (Special) to rtexit2.o(.ARM.Collect$$rtexit$$00000004) for __rt_exit_exit
    rtexit.o(.ARM.exidx) refers (Special) to rtexit2.o(.ARM.Collect$$rtexit$$00000003) for __rt_exit_ls
    rtexit.o(.ARM.exidx) refers (Special) to rtexit2.o(.ARM.Collect$$rtexit$$00000002) for __rt_exit_prels_1
    rtexit.o(.ARM.exidx) refers to rtexit.o(.ARM.Collect$$rtexit$$00000000) for .ARM.Collect$$rtexit$$00000000
    __raise.o(.text) refers to defsig.o(CL$$defsig) for __default_signal_handler
    defsig_general.o(.text) refers to sys_wrch.o(.text) for _ttywrch
    _get_argv_nomalloc.o(.text) refers (Special) to hrguard.o(.text) for __heap_region$guard
    _get_argv_nomalloc.o(.text) refers to defsig_rtmem_outer.o(.text) for __rt_SIGRTMEM
    _get_argv_nomalloc.o(.text) refers to sys_command.o(.text) for _sys_command_string
    libshutdown2.o(.ARM.Collect$$libshutdown$$0000000D) refers (Weak) to term_alloc.o(.text) for _terminate_alloc
    trapv.o(x$fpl$trapveneer) refers (Special) to usenofp.o(x$fpl$usenofp) for __I$use$fp
    sys_wrch.o(.text) refers (Special) to use_no_semi.o(.text) for __I$use$semihosting
    sys_wrch.o(.text) refers (Special) to indicate_semi.o(.text) for __semihosting_library_function
    rtexit2.o(.ARM.Collect$$rtexit$$00000003) refers to libshutdown.o(.ARM.Collect$$libshutdown$$00000000) for __rt_lib_shutdown
    rtexit2.o(.ARM.Collect$$rtexit$$00000004) refers to sys_exit.o(.text) for _sys_exit
    rtexit2.o(.ARM.exidx) refers to rtexit2.o(.ARM.Collect$$rtexit$$00000001) for .ARM.Collect$$rtexit$$00000001
    rtexit2.o(.ARM.exidx) refers to rtexit2.o(.ARM.Collect$$rtexit$$00000003) for .ARM.Collect$$rtexit$$00000003
    rtexit2.o(.ARM.exidx) refers to rtexit2.o(.ARM.Collect$$rtexit$$00000004) for .ARM.Collect$$rtexit$$00000004
    defsig.o(CL$$defsig) refers to defsig_rtmem_inner.o(.text) for __rt_SIGRTMEM_inner
    defsig_abrt_inner.o(.text) refers to defsig_general.o(.text) for __default_signal_display
    defsig_fpe_inner.o(.text) refers to defsig_general.o(.text) for __default_signal_display
    defsig_rtred_inner.o(.text) refers to defsig_general.o(.text) for __default_signal_display
    defsig_stak_inner.o(.text) refers to defsig_general.o(.text) for __default_signal_display
    defsig_pvfn_inner.o(.text) refers to defsig_general.o(.text) for __default_signal_display
    defsig_cppl_inner.o(.text) refers to defsig_general.o(.text) for __default_signal_display
    defsig_segv_inner.o(.text) refers to defsig_general.o(.text) for __default_signal_display
    defsig_other.o(.text) refers to defsig_general.o(.text) for __default_signal_display
    libshutdown.o(.ARM.Collect$$libshutdown$$00000000) refers (Special) to libshutdown2.o(.ARM.Collect$$libshutdown$$00000002) for __rt_lib_shutdown_cpp_1
    libshutdown.o(.ARM.Collect$$libshutdown$$00000000) refers (Special) to libshutdown2.o(.ARM.Collect$$libshutdown$$00000007) for __rt_lib_shutdown_fp_trap_1
    libshutdown.o(.ARM.Collect$$libshutdown$$00000000) refers (Special) to libshutdown2.o(.ARM.Collect$$libshutdown$$0000000F) for __rt_lib_shutdown_heap_1
    libshutdown.o(.ARM.Collect$$libshutdown$$00000000) refers (Special) to libshutdown2.o(.ARM.Collect$$libshutdown$$00000010) for __rt_lib_shutdown_return
    libshutdown.o(.ARM.Collect$$libshutdown$$00000000) refers (Special) to libshutdown2.o(.ARM.Collect$$libshutdown$$0000000A) for __rt_lib_shutdown_signal_1
    libshutdown.o(.ARM.Collect$$libshutdown$$00000000) refers (Special) to libshutdown2.o(.ARM.Collect$$libshutdown$$00000004) for __rt_lib_shutdown_stdio_1
    libshutdown.o(.ARM.Collect$$libshutdown$$00000000) refers (Special) to libshutdown2.o(.ARM.Collect$$libshutdown$$0000000C) for __rt_lib_shutdown_user_alloc_1
    copysign.o(i.copysign) refers (Special) to usenofp.o(x$fpl$usenofp) for __I$use$fp


==============================================================================

Removing Unused input sections from the image.

    Removing main.o(.data), (10 bytes).
    Removing systick.o(i.SysTick_Interrupt), (52 bytes).
    Removing systick.o(i.delayP_u), (48 bytes).
    Removing systick.o(i.delay_m), (22 bytes).
    Removing systick.o(i.delay_u), (12 bytes).
    Removing misc.o(i.Async), (16 bytes).
    Removing misc.o(i.CLK_ADC), (32 bytes).
    Removing misc.o(i.CLK_GPIO), (32 bytes).
    Removing misc.o(i.CLK_GPTM), (32 bytes).
    Removing misc.o(i.CLK_UART), (32 bytes).
    Removing misc.o(i.CLK_WGPTM), (32 bytes).
    Removing misc.o(i.Sync), (12 bytes).
    Removing uart.o(i.Read_Line), (132 bytes).
    Removing uart.o(i.UART7_Init), (216 bytes).
    Removing uart.o(i.UART_Init), (200 bytes).
    Removing uart.o(i.UART_OutCHex), (94 bytes).
    Removing uart.o(i.UART_OutCRLF), (22 bytes).
    Removing uart.o(i.UART_OutFloat), (276 bytes).
    Removing uart.o(i.UART_OutLHex), (80 bytes).
    Removing uart.o(i.UART_OutRDec), (48 bytes).
    Removing uart.o(i.UART_OutRHex), (66 bytes).
    Removing uart.o(i.UART_OutSHex), (102 bytes).
    Removing uart.o(i.UART_OutString), (28 bytes).
    Removing uart.o(i.UART_Read), (28 bytes).
    Removing uart.o(.data), (5 bytes).

25 unused section(s) (total 1629 bytes) removed from the image.

==============================================================================

Image Symbol Table

    Local Symbols

    Symbol Name                              Value     Ov Type        Size  Object(Section)

    RESET                                    0x00000000   Section      620  startup_tm4c123.o(RESET)
    ../clib/angel/boardlib.s                 0x00000000   Number         0  boardinit3.o ABSOLUTE
    ../clib/angel/boardlib.s                 0x00000000   Number         0  boardinit1.o ABSOLUTE
    ../clib/angel/boardlib.s                 0x00000000   Number         0  boardinit2.o ABSOLUTE
    ../clib/angel/boardlib.s                 0x00000000   Number         0  boardshut.o ABSOLUTE
    ../clib/angel/handlers.s                 0x00000000   Number         0  __scatter_zi.o ABSOLUTE
    ../clib/angel/handlers.s                 0x00000000   Number         0  __scatter_copy.o ABSOLUTE
    ../clib/angel/kernel.s                   0x00000000   Number         0  rtexit2.o ABSOLUTE
    ../clib/angel/kernel.s                   0x00000000   Number         0  __rtentry.o ABSOLUTE
    ../clib/angel/kernel.s                   0x00000000   Number         0  __rtentry4.o ABSOLUTE
    ../clib/angel/kernel.s                   0x00000000   Number         0  __rtentry2.o ABSOLUTE
    ../clib/angel/kernel.s                   0x00000000   Number         0  rtexit.o ABSOLUTE
    ../clib/angel/rt.s                       0x00000000   Number         0  rt_errno_addr_intlibspace.o ABSOLUTE
    ../clib/angel/rt.s                       0x00000000   Number         0  rt_heap_descriptor_intlibspace.o ABSOLUTE
    ../clib/angel/rt.s                       0x00000000   Number         0  rt_heap_descriptor.o ABSOLUTE
    ../clib/angel/rt.s                       0x00000000   Number         0  rt_raise.o ABSOLUTE
    ../clib/angel/rt.s                       0x00000000   Number         0  rt_errno_addr.o ABSOLUTE
    ../clib/angel/scatter.s                  0x00000000   Number         0  __scatter.o ABSOLUTE
    ../clib/angel/startup.s                  0x00000000   Number         0  __main.o ABSOLUTE
    ../clib/angel/sys.s                      0x00000000   Number         0  libspace.o ABSOLUTE
    ../clib/angel/sys.s                      0x00000000   Number         0  sys_stackheap_outer.o ABSOLUTE
    ../clib/angel/sys.s                      0x00000000   Number         0  mutex_dummy.o ABSOLUTE
    ../clib/angel/sys.s                      0x00000000   Number         0  use_no_semi.o ABSOLUTE
    ../clib/angel/sys.s                      0x00000000   Number         0  indicate_semi.o ABSOLUTE
    ../clib/angel/sysapp.c                   0x00000000   Number         0  sys_command.o ABSOLUTE
    ../clib/angel/sysapp.c                   0x00000000   Number         0  sys_wrch.o ABSOLUTE
    ../clib/angel/sysapp.c                   0x00000000   Number         0  sys_exit.o ABSOLUTE
    ../clib/armsys.c                         0x00000000   Number         0  argv_veneer.o ABSOLUTE
    ../clib/armsys.c                         0x00000000   Number         0  argv_veneer.o ABSOLUTE
    ../clib/armsys.c                         0x00000000   Number         0  no_argv.o ABSOLUTE
    ../clib/armsys.c                         0x00000000   Number         0  _get_argv_nomalloc.o ABSOLUTE
    ../clib/armsys.c                         0x00000000   Number         0  _get_argv.o ABSOLUTE
    ../clib/fenv.c                           0x00000000   Number         0  _rserrno.o ABSOLUTE
    ../clib/heap1.c                          0x00000000   Number         0  h1_final.o ABSOLUTE
    ../clib/heap1.c                          0x00000000   Number         0  h1_init_mt.o ABSOLUTE
    ../clib/heap1.c                          0x00000000   Number         0  h1_extend_mt.o ABSOLUTE
    ../clib/heap1.c                          0x00000000   Number         0  h1_realloc.o ABSOLUTE
    ../clib/heap1.c                          0x00000000   Number         0  h1_realloc_mt.o ABSOLUTE
    ../clib/heap1.c                          0x00000000   Number         0  h1_alloc.o ABSOLUTE
    ../clib/heap1.c                          0x00000000   Number         0  h1_free.o ABSOLUTE
    ../clib/heap1.c                          0x00000000   Number         0  h1_alloc_mt.o ABSOLUTE
    ../clib/heap1.c                          0x00000000   Number         0  h1_free_mt.o ABSOLUTE
    ../clib/heap1.c                          0x00000000   Number         0  h1_final_mt.o ABSOLUTE
    ../clib/heap1.c                          0x00000000   Number         0  h1_init.o ABSOLUTE
    ../clib/heap1.c                          0x00000000   Number         0  h1_extend.o ABSOLUTE
    ../clib/heap2.c                          0x00000000   Number         0  fdtree.o ABSOLUTE
    ../clib/heap2.c                          0x00000000   Number         0  heap2.o ABSOLUTE
    ../clib/heap2.c                          0x00000000   Number         0  heap2mt.o ABSOLUTE
    ../clib/heapalloc.c                      0x00000000   Number         0  maybetermalloc2.o ABSOLUTE
    ../clib/heapalloc.c                      0x00000000   Number         0  maybetermalloc1.o ABSOLUTE
    ../clib/heapalloc.c                      0x00000000   Number         0  malloc.o ABSOLUTE
    ../clib/heapalloc.c                      0x00000000   Number         0  heapstubs.o ABSOLUTE
    ../clib/heapalloc.c                      0x00000000   Number         0  realloc.o ABSOLUTE
    ../clib/heapalloc.c                      0x00000000   Number         0  calloc.o ABSOLUTE
    ../clib/heapalloc.c                      0x00000000   Number         0  term_alloc.o ABSOLUTE
    ../clib/heapalloc.c                      0x00000000   Number         0  hguard.o ABSOLUTE
    ../clib/heapalloc.c                      0x00000000   Number         0  free.o ABSOLUTE
    ../clib/heapalloc.c                      0x00000000   Number         0  maybetermalloc1.o ABSOLUTE
    ../clib/heapalloc.c                      0x00000000   Number         0  init_alloc.o ABSOLUTE
    ../clib/heapalloc.c                      0x00000000   Number         0  hrguard.o ABSOLUTE
    ../clib/heapalloc.c                      0x00000000   Number         0  maybetermalloc2.o ABSOLUTE
    ../clib/heapaux.c                        0x00000000   Number         0  heapauxi.o ABSOLUTE
    ../clib/heapaux.c                        0x00000000   Number         0  heapauxa.o ABSOLUTE
    ../clib/libinit.s                        0x00000000   Number         0  libshutdown2.o ABSOLUTE
    ../clib/libinit.s                        0x00000000   Number         0  libinit2.o ABSOLUTE
    ../clib/libinit.s                        0x00000000   Number         0  libinit.o ABSOLUTE
    ../clib/libinit.s                        0x00000000   Number         0  libshutdown.o ABSOLUTE
    ../clib/memcpset.s                       0x00000000   Number         0  rt_memclr_w.o ABSOLUTE
    ../clib/memcpset.s                       0x00000000   Number         0  rt_memcpy_w.o ABSOLUTE
    ../clib/memcpset.s                       0x00000000   Number         0  rt_memclr.o ABSOLUTE
    ../clib/signal.c                         0x00000000   Number         0  defsig_rtred_inner.o ABSOLUTE
    ../clib/signal.c                         0x00000000   Number         0  defsig_fpe_inner.o ABSOLUTE
    ../clib/signal.c                         0x00000000   Number         0  defsig_abrt_inner.o ABSOLUTE
    ../clib/signal.c                         0x00000000   Number         0  defsig_general.o ABSOLUTE
    ../clib/signal.c                         0x00000000   Number         0  __raise.o ABSOLUTE
    ../clib/signal.c                         0x00000000   Number         0  defsig_rtmem_formal.o ABSOLUTE
    ../clib/signal.c                         0x00000000   Number         0  defsig_rtmem_inner.o ABSOLUTE
    ../clib/signal.c                         0x00000000   Number         0  defsig_stak_inner.o ABSOLUTE
    ../clib/signal.c                         0x00000000   Number         0  defsig_exit.o ABSOLUTE
    ../clib/signal.c                         0x00000000   Number         0  defsig_rtmem_outer.o ABSOLUTE
    ../clib/signal.c                         0x00000000   Number         0  defsig_other.o ABSOLUTE
    ../clib/signal.c                         0x00000000   Number         0  defsig_segv_inner.o ABSOLUTE
    ../clib/signal.c                         0x00000000   Number         0  defsig_cppl_inner.o ABSOLUTE
    ../clib/signal.c                         0x00000000   Number         0  defsig_pvfn_inner.o ABSOLUTE
    ../clib/signal.s                         0x00000000   Number         0  defsig.o ABSOLUTE
    ../clib/stdlib.c                         0x00000000   Number         0  exit.o ABSOLUTE
    ../fplib/daddsub.s                       0x00000000   Number         0  daddsub_clz.o ABSOLUTE
    ../fplib/dcheck1.s                       0x00000000   Number         0  dcheck1.o ABSOLUTE
    ../fplib/dcmpi.s                         0x00000000   Number         0  dcmpi.o ABSOLUTE
    ../fplib/ddiv.s                          0x00000000   Number         0  ddiv.o ABSOLUTE
    ../fplib/dfix.s                          0x00000000   Number         0  dfix.o ABSOLUTE
    ../fplib/dfixu.s                         0x00000000   Number         0  dfixu.o ABSOLUTE
    ../fplib/dflt.s                          0x00000000   Number         0  dflt_clz.o ABSOLUTE
    ../fplib/dleqf.s                         0x00000000   Number         0  dleqf.o ABSOLUTE
    ../fplib/dmul.s                          0x00000000   Number         0  dmul.o ABSOLUTE
    ../fplib/dnaninf.s                       0x00000000   Number         0  dnaninf.o ABSOLUTE
    ../fplib/dretinf.s                       0x00000000   Number         0  dretinf.o ABSOLUTE
    ../fplib/drleqf.s                        0x00000000   Number         0  drleqf.o ABSOLUTE
    ../fplib/dsqrt.s                         0x00000000   Number         0  dsqrt_umaal.o ABSOLUTE
    ../fplib/fpinit.s                        0x00000000   Number         0  fpinit.o ABSOLUTE
    ../fplib/retnan.s                        0x00000000   Number         0  retnan.o ABSOLUTE
    ../fplib/scalbn.s                        0x00000000   Number         0  scalbn.o ABSOLUTE
    ../fplib/trapv.s                         0x00000000   Number         0  trapv.o ABSOLUTE
    ../fplib/usenofp.s                       0x00000000   Number         0  usenofp.o ABSOLUTE
    ../mathlib/acos.c                        0x00000000   Number         0  acos.o ABSOLUTE
    ../mathlib/acos.c                        0x00000000   Number         0  acos_x.o ABSOLUTE
    ../mathlib/copysign.c                    0x00000000   Number         0  copysign.o ABSOLUTE
    ../mathlib/dunder.c                      0x00000000   Number         0  dunder.o ABSOLUTE
    ../mathlib/fpclassify.c                  0x00000000   Number         0  fpclassify.o ABSOLUTE
    ../mathlib/poly.c                        0x00000000   Number         0  poly.o ABSOLUTE
    ../mathlib/pow.c                         0x00000000   Number         0  pow.o ABSOLUTE
    ../mathlib/pow.c                         0x00000000   Number         0  pow_x.o ABSOLUTE
    ../mathlib/qnan.c                        0x00000000   Number         0  qnan.o ABSOLUTE
    ../mathlib/sqrt.c                        0x00000000   Number         0  sqrt.o ABSOLUTE
    ../mathlib/sqrt.c                        0x00000000   Number         0  sqrt_x.o ABSOLUTE
    C:\Keil_v5\ARM\Startup\TM4C123\startup_TM4C123.s 0x00000000   Number         0  startup_tm4c123.o ABSOLUTE
    D:\TM4C123 Lib\PLL.c                     0x00000000   Number         0  pll.o ABSOLUTE
    D:\TM4C123 Lib\SysTick.c                 0x00000000   Number         0  systick.o ABSOLUTE
    D:\TM4C123 Lib\UART.c                    0x00000000   Number         0  uart.o ABSOLUTE
    Misc.c                                   0x00000000   Number         0  misc.o ABSOLUTE
    circle.c                                 0x00000000   Number         0  circle.o ABSOLUTE
    dc.s                                     0x00000000   Number         0  dc.o ABSOLUTE
    main.c                                   0x00000000   Number         0  main.o ABSOLUTE
    !!!main                                  0x0000026c   Section        8  __main.o(!!!main)
    !!!scatter                               0x00000274   Section       52  __scatter.o(!!!scatter)
    !!handler_copy                           0x000002a8   Section       26  __scatter_copy.o(!!handler_copy)
    !!handler_zi                             0x000002c4   Section       28  __scatter_zi.o(!!handler_zi)
    .ARM.Collect$$libinit$$00000000          0x000002e0   Section        2  libinit.o(.ARM.Collect$$libinit$$00000000)
    .ARM.Collect$$libinit$$00000002          0x000002e2   Section        0  libinit2.o(.ARM.Collect$$libinit$$00000002)
    .ARM.Collect$$libinit$$00000004          0x000002e2   Section        0  libinit2.o(.ARM.Collect$$libinit$$00000004)
    .ARM.Collect$$libinit$$0000000A          0x000002e2   Section        0  libinit2.o(.ARM.Collect$$libinit$$0000000A)
    .ARM.Collect$$libinit$$0000000C          0x000002e2   Section        0  libinit2.o(.ARM.Collect$$libinit$$0000000C)
    .ARM.Collect$$libinit$$0000000E          0x000002e2   Section        0  libinit2.o(.ARM.Collect$$libinit$$0000000E)
    .ARM.Collect$$libinit$$00000011          0x000002e2   Section        0  libinit2.o(.ARM.Collect$$libinit$$00000011)
    .ARM.Collect$$libinit$$00000013          0x000002e2   Section        0  libinit2.o(.ARM.Collect$$libinit$$00000013)
    .ARM.Collect$$libinit$$00000015          0x000002e2   Section        0  libinit2.o(.ARM.Collect$$libinit$$00000015)
    .ARM.Collect$$libinit$$00000017          0x000002e2   Section        0  libinit2.o(.ARM.Collect$$libinit$$00000017)
    .ARM.Collect$$libinit$$00000019          0x000002e2   Section        0  libinit2.o(.ARM.Collect$$libinit$$00000019)
    .ARM.Collect$$libinit$$0000001B          0x000002e2   Section        0  libinit2.o(.ARM.Collect$$libinit$$0000001B)
    .ARM.Collect$$libinit$$0000001D          0x000002e2   Section        0  libinit2.o(.ARM.Collect$$libinit$$0000001D)
    .ARM.Collect$$libinit$$0000001F          0x000002e2   Section        0  libinit2.o(.ARM.Collect$$libinit$$0000001F)
    .ARM.Collect$$libinit$$00000021          0x000002e2   Section        0  libinit2.o(.ARM.Collect$$libinit$$00000021)
    .ARM.Collect$$libinit$$00000023          0x000002e2   Section        0  libinit2.o(.ARM.Collect$$libinit$$00000023)
    .ARM.Collect$$libinit$$00000025          0x000002e2   Section        0  libinit2.o(.ARM.Collect$$libinit$$00000025)
    .ARM.Collect$$libinit$$0000002C          0x000002e2   Section        0  libinit2.o(.ARM.Collect$$libinit$$0000002C)
    .ARM.Collect$$libinit$$0000002E          0x000002e2   Section        0  libinit2.o(.ARM.Collect$$libinit$$0000002E)
    .ARM.Collect$$libinit$$00000030          0x000002e2   Section        0  libinit2.o(.ARM.Collect$$libinit$$00000030)
    .ARM.Collect$$libinit$$00000032          0x000002e2   Section        0  libinit2.o(.ARM.Collect$$libinit$$00000032)
    .ARM.Collect$$libinit$$00000033          0x000002e2   Section        2  libinit2.o(.ARM.Collect$$libinit$$00000033)
    .ARM.Collect$$libshutdown$$00000000      0x000002e4   Section        2  libshutdown.o(.ARM.Collect$$libshutdown$$00000000)
    .ARM.Collect$$libshutdown$$00000002      0x000002e6   Section        0  libshutdown2.o(.ARM.Collect$$libshutdown$$00000002)
    .ARM.Collect$$libshutdown$$00000004      0x000002e6   Section        0  libshutdown2.o(.ARM.Collect$$libshutdown$$00000004)
    .ARM.Collect$$libshutdown$$00000007      0x000002e6   Section        0  libshutdown2.o(.ARM.Collect$$libshutdown$$00000007)
    .ARM.Collect$$libshutdown$$0000000A      0x000002e6   Section        0  libshutdown2.o(.ARM.Collect$$libshutdown$$0000000A)
    .ARM.Collect$$libshutdown$$0000000C      0x000002e6   Section        0  libshutdown2.o(.ARM.Collect$$libshutdown$$0000000C)
    .ARM.Collect$$libshutdown$$0000000F      0x000002e6   Section        0  libshutdown2.o(.ARM.Collect$$libshutdown$$0000000F)
    .ARM.Collect$$libshutdown$$00000010      0x000002e6   Section        2  libshutdown2.o(.ARM.Collect$$libshutdown$$00000010)
    .ARM.Collect$$rtentry$$00000000          0x000002e8   Section        0  __rtentry.o(.ARM.Collect$$rtentry$$00000000)
    .ARM.Collect$$rtentry$$00000002          0x000002e8   Section        0  __rtentry2.o(.ARM.Collect$$rtentry$$00000002)
    .ARM.Collect$$rtentry$$00000004          0x000002e8   Section        6  __rtentry4.o(.ARM.Collect$$rtentry$$00000004)
    .ARM.Collect$$rtentry$$00000009          0x000002ee   Section        0  __rtentry2.o(.ARM.Collect$$rtentry$$00000009)
    .ARM.Collect$$rtentry$$0000000A          0x000002ee   Section        4  __rtentry2.o(.ARM.Collect$$rtentry$$0000000A)
    .ARM.Collect$$rtentry$$0000000C          0x000002f2   Section        0  __rtentry2.o(.ARM.Collect$$rtentry$$0000000C)
    .ARM.Collect$$rtentry$$0000000D          0x000002f2   Section        8  __rtentry2.o(.ARM.Collect$$rtentry$$0000000D)
    .ARM.Collect$$rtexit$$00000000           0x000002fa   Section        2  rtexit.o(.ARM.Collect$$rtexit$$00000000)
    .ARM.Collect$$rtexit$$00000002           0x000002fc   Section        0  rtexit2.o(.ARM.Collect$$rtexit$$00000002)
    .ARM.Collect$$rtexit$$00000003           0x000002fc   Section        4  rtexit2.o(.ARM.Collect$$rtexit$$00000003)
    .ARM.Collect$$rtexit$$00000004           0x00000300   Section        6  rtexit2.o(.ARM.Collect$$rtexit$$00000004)
    .text                                    0x00000308   Section      292  startup_tm4c123.o(.text)
    .text                                    0x0000042c   Section        0  heapauxi.o(.text)
    .text                                    0x00000432   Section        0  _rserrno.o(.text)
    .text                                    0x00000448   Section        8  libspace.o(.text)
    .text                                    0x00000450   Section        8  rt_errno_addr_intlibspace.o(.text)
    .text                                    0x00000458   Section       74  sys_stackheap_outer.o(.text)
    .text                                    0x000004a2   Section        0  exit.o(.text)
    .text                                    0x000004b4   Section        0  sys_exit.o(.text)
    .text                                    0x000004c0   Section        2  use_no_semi.o(.text)
    .text                                    0x000004c2   Section        0  indicate_semi.o(.text)
    i.Arc_Param_Cal                          0x000004c4   Section        0  circle.o(i.Arc_Param_Cal)
    i.Arc_Param_Init                         0x00000574   Section        0  circle.o(i.Arc_Param_Init)
    i.Circular_Interpolation                 0x000005c4   Section        0  circle.o(i.Circular_Interpolation)
    i.G02                                    0x00000838   Section        0  circle.o(i.G02)
    i.PLL_Init                               0x0000084c   Section        0  pll.o(i.PLL_Init)
    i.SysTick_Init                           0x000008c8   Section        0  systick.o(i.SysTick_Init)
    i.UART_OutChar                           0x000008e4   Section        0  uart.o(i.UART_OutChar)
    i.UART_OutDec                            0x00000920   Section        0  uart.o(i.UART_OutDec)
    i.__ARM_fpclassify                       0x00000976   Section        0  fpclassify.o(i.__ARM_fpclassify)
    i.__kernel_poly                          0x0000099e   Section        0  poly.o(i.__kernel_poly)
    i.__mathlib_dbl_divzero                  0x00000a48   Section        0  dunder.o(i.__mathlib_dbl_divzero)
    i.__mathlib_dbl_infnan                   0x00000a58   Section        0  dunder.o(i.__mathlib_dbl_infnan)
    i.__mathlib_dbl_infnan2                  0x00000a5e   Section        0  dunder.o(i.__mathlib_dbl_infnan2)
    i.__mathlib_dbl_invalid                  0x00000a62   Section        0  dunder.o(i.__mathlib_dbl_invalid)
    i.__mathlib_dbl_overflow                 0x00000a6e   Section        0  dunder.o(i.__mathlib_dbl_overflow)
    i.__mathlib_dbl_underflow                0x00000a7c   Section        0  dunder.o(i.__mathlib_dbl_underflow)
    i.acos                                   0x00000a8c   Section        0  acos.o(i.acos)
    i.adjust_num                             0x00000d08   Section        0  misc.o(i.adjust_num)
    i.copysign                               0x00000d2c   Section        0  copysign.o(i.copysign)
    __tagsym$$used                           0x00000d2d   Number         0  copysign.o(i.copysign)
    i.current                                0x00000d36   Section        0  systick.o(i.current)
    i.direction_binrep                       0x00000d3e   Section        0  circle.o(i.direction_binrep)
    i.get_centers                            0x00000da4   Section        0  circle.o(i.get_centers)
    i.main                                   0x00001304   Section        0  main.o(i.main)
    i.pow                                    0x00001358   Section        0  pow.o(i.pow)
    i.quadrant_binrep                        0x00001d30   Section        0  circle.o(i.quadrant_binrep)
    i.sqrt                                   0x00001d46   Section        0  sqrt.o(i.sqrt)
    i.start_micro                            0x00001d92   Section        0  systick.o(i.start_micro)
    x$fpl$dadd                               0x00001d9c   Section      336  daddsub_clz.o(x$fpl$dadd)
    _dadd1                                   0x00001dad   Thumb Code     0  daddsub_clz.o(x$fpl$dadd)
    x$fpl$dcheck1                            0x00001eec   Section       16  dcheck1.o(x$fpl$dcheck1)
    x$fpl$dcmpinf                            0x00001efc   Section       24  dcmpi.o(x$fpl$dcmpinf)
    x$fpl$ddiv                               0x00001f14   Section      688  ddiv.o(x$fpl$ddiv)
    ddiv_entry                               0x00001f1b   Thumb Code     0  ddiv.o(x$fpl$ddiv)
    x$fpl$dfix                               0x000021c4   Section       94  dfix.o(x$fpl$dfix)
    x$fpl$dflt                               0x00002222   Section       46  dflt_clz.o(x$fpl$dflt)
    x$fpl$dleqf                              0x00002250   Section      120  dleqf.o(x$fpl$dleqf)
    x$fpl$dmul                               0x000022c8   Section      340  dmul.o(x$fpl$dmul)
    x$fpl$dnaninf                            0x0000241c   Section      156  dnaninf.o(x$fpl$dnaninf)
    x$fpl$dretinf                            0x000024b8   Section       12  dretinf.o(x$fpl$dretinf)
    x$fpl$drleqf                             0x000024c4   Section      108  drleqf.o(x$fpl$drleqf)
    x$fpl$drsb                               0x00002530   Section       22  daddsub_clz.o(x$fpl$drsb)
    x$fpl$dsqrt                              0x00002548   Section      408  dsqrt_umaal.o(x$fpl$dsqrt)
    x$fpl$dsub                               0x000026e0   Section      468  daddsub_clz.o(x$fpl$dsub)
    _dsub1                                   0x000026f1   Thumb Code     0  daddsub_clz.o(x$fpl$dsub)
    x$fpl$retnan                             0x000028b4   Section      100  retnan.o(x$fpl$retnan)
    x$fpl$scalbn                             0x00002918   Section       92  scalbn.o(x$fpl$scalbn)
    x$fpl$trapveneer                         0x00002974   Section       48  trapv.o(x$fpl$trapveneer)
    x$fpl$usenofp                            0x000029a4   Section        0  usenofp.o(x$fpl$usenofp)
    .constdata                               0x000029a8   Section       80  acos.o(.constdata)
    pS                                       0x000029a8   Data          48  acos.o(.constdata)
    qS                                       0x000029d8   Data          32  acos.o(.constdata)
    .constdata                               0x000029f8   Section      136  pow.o(.constdata)
    bp                                       0x000029f8   Data          16  pow.o(.constdata)
    dp_h                                     0x00002a08   Data          16  pow.o(.constdata)
    dp_l                                     0x00002a18   Data          16  pow.o(.constdata)
    L                                        0x00002a28   Data          48  pow.o(.constdata)
    P                                        0x00002a58   Data          40  pow.o(.constdata)
    .constdata                               0x00002a80   Section        8  qnan.o(.constdata)
    .data                                    0x20000000   Section       28  circle.o(.data)
    rsq                                      0x20000000   Data           8  circle.o(.data)
    xi                                       0x20000008   Data           8  circle.o(.data)
    yi                                       0x20000010   Data           8  circle.o(.data)
    steps                                    0x20000018   Data           4  circle.o(.data)
    .bss                                     0x20000020   Section      272  main.o(.bss)
    .bss                                     0x20000130   Section       64  circle.o(.bss)
    centers                                  0x20000130   Data          24  circle.o(.bss)
    comp                                     0x20000148   Data          40  circle.o(.bss)
    .bss                                     0x20000170   Section       96  libspace.o(.bss)
    HEAP                                     0x200001d0   Section        0  startup_tm4c123.o(HEAP)
    STACK                                    0x200001d0   Section      512  startup_tm4c123.o(STACK)
    Heap_Mem                                 0x200001d0   Data           0  startup_tm4c123.o(HEAP)
    Stack_Mem                                0x200001d0   Data         512  startup_tm4c123.o(STACK)
    __initial_sp                             0x200003d0   Data           0  startup_tm4c123.o(STACK)

    Global Symbols

    Symbol Name                              Value     Ov Type        Size  Object(Section)

    BuildAttributes$$THM_ISAv4$E$P$D$K$B$S$7EM$PE$A:L22UL41UL21$X:L11$S22US41US21$IEEE1$IW$USESV6$~STKCKD$USESV7$~SHL$OTIME$ROPI$IEEEX$EBA8$UX$STANDARDLIB$REQ8$PRES8$EABIv2 0x00000000   Number         0  anon$$obj.o ABSOLUTE
    __ARM_use_no_argv                        0x00000000   Number         0  main.o ABSOLUTE
    __Vectors                                0x00000000   Data           4  startup_tm4c123.o(RESET)
    __ARM_exceptions_init                     - Undefined Weak Reference
    __alloca_initialize                       - Undefined Weak Reference
    __arm_preinit_                            - Undefined Weak Reference
    __cpp_initialize__aeabi_                  - Undefined Weak Reference
    __cxa_finalize                            - Undefined Weak Reference
    __rt_locale                               - Undefined Weak Reference
    __sigvec_lookup                           - Undefined Weak Reference
    __user_heap_extent                        - Undefined Weak Reference
    _atexit_init                              - Undefined Weak Reference
    _call_atexit_fns                          - Undefined Weak Reference
    _clock_init                               - Undefined Weak Reference
    _fp_trap_init                             - Undefined Weak Reference
    _fp_trap_shutdown                         - Undefined Weak Reference
    _get_lc_collate                           - Undefined Weak Reference
    _get_lc_ctype                             - Undefined Weak Reference
    _get_lc_monetary                          - Undefined Weak Reference
    _get_lc_numeric                           - Undefined Weak Reference
    _get_lc_time                              - Undefined Weak Reference
    _getenv_init                              - Undefined Weak Reference
    _handle_redirection                       - Undefined Weak Reference
    _initio                                   - Undefined Weak Reference
    _mutex_acquire                            - Undefined Weak Reference
    _mutex_free                               - Undefined Weak Reference
    _mutex_release                            - Undefined Weak Reference
    _rand_init                                - Undefined Weak Reference
    _signal_finish                            - Undefined Weak Reference
    _signal_init                              - Undefined Weak Reference
    _terminateio                              - Undefined Weak Reference
    __Vectors_End                            0x0000026c   Data           0  startup_tm4c123.o(RESET)
    __Vectors_Size                           0x0000026c   Number         0  startup_tm4c123.o ABSOLUTE
    __main                                   0x0000026d   Thumb Code     8  __main.o(!!!main)
    __scatterload                            0x00000275   Thumb Code     0  __scatter.o(!!!scatter)
    __scatterload_rt2                        0x00000275   Thumb Code    44  __scatter.o(!!!scatter)
    __scatterload_rt2_thumb_only             0x00000275   Thumb Code     0  __scatter.o(!!!scatter)
    __scatterload_null                       0x00000283   Thumb Code     0  __scatter.o(!!!scatter)
    __scatterload_copy                       0x000002a9   Thumb Code    26  __scatter_copy.o(!!handler_copy)
    __scatterload_zeroinit                   0x000002c5   Thumb Code    28  __scatter_zi.o(!!handler_zi)
    __rt_lib_init                            0x000002e1   Thumb Code     0  libinit.o(.ARM.Collect$$libinit$$00000000)
    __rt_lib_init_alloca_1                   0x000002e3   Thumb Code     0  libinit2.o(.ARM.Collect$$libinit$$0000002E)
    __rt_lib_init_argv_1                     0x000002e3   Thumb Code     0  libinit2.o(.ARM.Collect$$libinit$$0000002C)
    __rt_lib_init_atexit_1                   0x000002e3   Thumb Code     0  libinit2.o(.ARM.Collect$$libinit$$0000001B)
    __rt_lib_init_clock_1                    0x000002e3   Thumb Code     0  libinit2.o(.ARM.Collect$$libinit$$00000021)
    __rt_lib_init_cpp_1                      0x000002e3   Thumb Code     0  libinit2.o(.ARM.Collect$$libinit$$00000032)
    __rt_lib_init_exceptions_1               0x000002e3   Thumb Code     0  libinit2.o(.ARM.Collect$$libinit$$00000030)
    __rt_lib_init_fp_1                       0x000002e3   Thumb Code     0  libinit2.o(.ARM.Collect$$libinit$$00000002)
    __rt_lib_init_fp_trap_1                  0x000002e3   Thumb Code     0  libinit2.o(.ARM.Collect$$libinit$$0000001F)
    __rt_lib_init_getenv_1                   0x000002e3   Thumb Code     0  libinit2.o(.ARM.Collect$$libinit$$00000023)
    __rt_lib_init_heap_1                     0x000002e3   Thumb Code     0  libinit2.o(.ARM.Collect$$libinit$$0000000A)
    __rt_lib_init_lc_collate_1               0x000002e3   Thumb Code     0  libinit2.o(.ARM.Collect$$libinit$$00000011)
    __rt_lib_init_lc_ctype_1                 0x000002e3   Thumb Code     0  libinit2.o(.ARM.Collect$$libinit$$00000013)
    __rt_lib_init_lc_monetary_1              0x000002e3   Thumb Code     0  libinit2.o(.ARM.Collect$$libinit$$00000015)
    __rt_lib_init_lc_numeric_1               0x000002e3   Thumb Code     0  libinit2.o(.ARM.Collect$$libinit$$00000017)
    __rt_lib_init_lc_time_1                  0x000002e3   Thumb Code     0  libinit2.o(.ARM.Collect$$libinit$$00000019)
    __rt_lib_init_preinit_1                  0x000002e3   Thumb Code     0  libinit2.o(.ARM.Collect$$libinit$$00000004)
    __rt_lib_init_rand_1                     0x000002e3   Thumb Code     0  libinit2.o(.ARM.Collect$$libinit$$0000000E)
    __rt_lib_init_return                     0x000002e3   Thumb Code     0  libinit2.o(.ARM.Collect$$libinit$$00000033)
    __rt_lib_init_signal_1                   0x000002e3   Thumb Code     0  libinit2.o(.ARM.Collect$$libinit$$0000001D)
    __rt_lib_init_stdio_1                    0x000002e3   Thumb Code     0  libinit2.o(.ARM.Collect$$libinit$$00000025)
    __rt_lib_init_user_alloc_1               0x000002e3   Thumb Code     0  libinit2.o(.ARM.Collect$$libinit$$0000000C)
    __rt_lib_shutdown                        0x000002e5   Thumb Code     0  libshutdown.o(.ARM.Collect$$libshutdown$$00000000)
    __rt_lib_shutdown_cpp_1                  0x000002e7   Thumb Code     0  libshutdown2.o(.ARM.Collect$$libshutdown$$00000002)
    __rt_lib_shutdown_fp_trap_1              0x000002e7   Thumb Code     0  libshutdown2.o(.ARM.Collect$$libshutdown$$00000007)
    __rt_lib_shutdown_heap_1                 0x000002e7   Thumb Code     0  libshutdown2.o(.ARM.Collect$$libshutdown$$0000000F)
    __rt_lib_shutdown_return                 0x000002e7   Thumb Code     0  libshutdown2.o(.ARM.Collect$$libshutdown$$00000010)
    __rt_lib_shutdown_signal_1               0x000002e7   Thumb Code     0  libshutdown2.o(.ARM.Collect$$libshutdown$$0000000A)
    __rt_lib_shutdown_stdio_1                0x000002e7   Thumb Code     0  libshutdown2.o(.ARM.Collect$$libshutdown$$00000004)
    __rt_lib_shutdown_user_alloc_1           0x000002e7   Thumb Code     0  libshutdown2.o(.ARM.Collect$$libshutdown$$0000000C)
    __rt_entry                               0x000002e9   Thumb Code     0  __rtentry.o(.ARM.Collect$$rtentry$$00000000)
    __rt_entry_presh_1                       0x000002e9   Thumb Code     0  __rtentry2.o(.ARM.Collect$$rtentry$$00000002)
    __rt_entry_sh                            0x000002e9   Thumb Code     0  __rtentry4.o(.ARM.Collect$$rtentry$$00000004)
    __rt_entry_li                            0x000002ef   Thumb Code     0  __rtentry2.o(.ARM.Collect$$rtentry$$0000000A)
    __rt_entry_postsh_1                      0x000002ef   Thumb Code     0  __rtentry2.o(.ARM.Collect$$rtentry$$00000009)
    __rt_entry_main                          0x000002f3   Thumb Code     0  __rtentry2.o(.ARM.Collect$$rtentry$$0000000D)
    __rt_entry_postli_1                      0x000002f3   Thumb Code     0  __rtentry2.o(.ARM.Collect$$rtentry$$0000000C)
    __rt_exit                                0x000002fb   Thumb Code     0  rtexit.o(.ARM.Collect$$rtexit$$00000000)
    __rt_exit_ls                             0x000002fd   Thumb Code     0  rtexit2.o(.ARM.Collect$$rtexit$$00000003)
    __rt_exit_prels_1                        0x000002fd   Thumb Code     0  rtexit2.o(.ARM.Collect$$rtexit$$00000002)
    __rt_exit_exit                           0x00000301   Thumb Code     0  rtexit2.o(.ARM.Collect$$rtexit$$00000004)
    Reset_Handler                            0x00000309   Thumb Code     4  startup_tm4c123.o(.text)
    NMI_Handler                              0x0000030d   Thumb Code     2  startup_tm4c123.o(.text)
    HardFault_Handler                        0x0000030f   Thumb Code     2  startup_tm4c123.o(.text)
    MemManage_Handler                        0x00000311   Thumb Code     2  startup_tm4c123.o(.text)
    BusFault_Handler                         0x00000313   Thumb Code     2  startup_tm4c123.o(.text)
    UsageFault_Handler                       0x00000315   Thumb Code     2  startup_tm4c123.o(.text)
    SVC_Handler                              0x00000317   Thumb Code     2  startup_tm4c123.o(.text)
    DebugMon_Handler                         0x00000319   Thumb Code     2  startup_tm4c123.o(.text)
    PendSV_Handler                           0x0000031b   Thumb Code     2  startup_tm4c123.o(.text)
    SysTick_Handler                          0x0000031d   Thumb Code     2  startup_tm4c123.o(.text)
    GPIOA_Handler                            0x0000031f   Thumb Code     2  startup_tm4c123.o(.text)
    GPIOB_Handler                            0x00000321   Thumb Code     2  startup_tm4c123.o(.text)
    GPIOC_Handler                            0x00000323   Thumb Code     2  startup_tm4c123.o(.text)
    GPIOD_Handler                            0x00000325   Thumb Code     2  startup_tm4c123.o(.text)
    GPIOE_Handler                            0x00000327   Thumb Code     2  startup_tm4c123.o(.text)
    UART0_Handler                            0x00000329   Thumb Code     2  startup_tm4c123.o(.text)
    UART1_Handler                            0x0000032b   Thumb Code     2  startup_tm4c123.o(.text)
    SSI0_Handler                             0x0000032d   Thumb Code     2  startup_tm4c123.o(.text)
    I2C0_Handler                             0x0000032f   Thumb Code     2  startup_tm4c123.o(.text)
    PMW0_FAULT_Handler                       0x00000331   Thumb Code     2  startup_tm4c123.o(.text)
    PWM0_0_Handler                           0x00000333   Thumb Code     2  startup_tm4c123.o(.text)
    PWM0_1_Handler                           0x00000335   Thumb Code     2  startup_tm4c123.o(.text)
    PWM0_2_Handler                           0x00000337   Thumb Code     2  startup_tm4c123.o(.text)
    QEI0_Handler                             0x00000339   Thumb Code     2  startup_tm4c123.o(.text)
    ADC0SS0_Handler                          0x0000033b   Thumb Code     2  startup_tm4c123.o(.text)
    ADC0SS1_Handler                          0x0000033d   Thumb Code     2  startup_tm4c123.o(.text)
    ADC0SS2_Handler                          0x0000033f   Thumb Code     2  startup_tm4c123.o(.text)
    ADC0SS3_Handler                          0x00000341   Thumb Code     2  startup_tm4c123.o(.text)
    WDT0_Handler                             0x00000343   Thumb Code     2  startup_tm4c123.o(.text)
    TIMER0A_Handler                          0x00000345   Thumb Code     2  startup_tm4c123.o(.text)
    TIMER0B_Handler                          0x00000347   Thumb Code     2  startup_tm4c123.o(.text)
    TIMER1A_Handler                          0x00000349   Thumb Code     2  startup_tm4c123.o(.text)
    TIMER1B_Handler                          0x0000034b   Thumb Code     2  startup_tm4c123.o(.text)
    TIMER2A_Handler                          0x0000034d   Thumb Code     2  startup_tm4c123.o(.text)
    TIMER2B_Handler                          0x0000034f   Thumb Code     2  startup_tm4c123.o(.text)
    COMP0_Handler                            0x00000351   Thumb Code     2  startup_tm4c123.o(.text)
    COMP1_Handler                            0x00000353   Thumb Code     2  startup_tm4c123.o(.text)
    COMP2_Handler                            0x00000355   Thumb Code     2  startup_tm4c123.o(.text)
    SYSCTL_Handler                           0x00000357   Thumb Code     2  startup_tm4c123.o(.text)
    FLASH_Handler                            0x00000359   Thumb Code     2  startup_tm4c123.o(.text)
    GPIOF_Handler                            0x0000035b   Thumb Code     2  startup_tm4c123.o(.text)
    GPIOG_Handler                            0x0000035d   Thumb Code     2  startup_tm4c123.o(.text)
    GPIOH_Handler                            0x0000035f   Thumb Code     2  startup_tm4c123.o(.text)
    UART2_Handler                            0x00000361   Thumb Code     2  startup_tm4c123.o(.text)
    SSI1_Handler                             0x00000363   Thumb Code     2  startup_tm4c123.o(.text)
    TIMER3A_Handler                          0x00000365   Thumb Code     2  startup_tm4c123.o(.text)
    TIMER3B_Handler                          0x00000367   Thumb Code     2  startup_tm4c123.o(.text)
    I2C1_Handler                             0x00000369   Thumb Code     2  startup_tm4c123.o(.text)
    QEI1_Handler                             0x0000036b   Thumb Code     2  startup_tm4c123.o(.text)
    CAN0_Handler                             0x0000036d   Thumb Code     2  startup_tm4c123.o(.text)
    CAN1_Handler                             0x0000036f   Thumb Code     2  startup_tm4c123.o(.text)
    CAN2_Handler                             0x00000371   Thumb Code     2  startup_tm4c123.o(.text)
    HIB_Handler                              0x00000373   Thumb Code     2  startup_tm4c123.o(.text)
    USB0_Handler                             0x00000375   Thumb Code     2  startup_tm4c123.o(.text)
    PWM0_3_Handler                           0x00000377   Thumb Code     2  startup_tm4c123.o(.text)
    UDMA_Handler                             0x00000379   Thumb Code     2  startup_tm4c123.o(.text)
    UDMAERR_Handler                          0x0000037b   Thumb Code     2  startup_tm4c123.o(.text)
    ADC1SS0_Handler                          0x0000037d   Thumb Code     2  startup_tm4c123.o(.text)
    ADC1SS1_Handler                          0x0000037f   Thumb Code     2  startup_tm4c123.o(.text)
    ADC1SS2_Handler                          0x00000381   Thumb Code     2  startup_tm4c123.o(.text)
    ADC1SS3_Handler                          0x00000383   Thumb Code     2  startup_tm4c123.o(.text)
    GPIOJ_Handler                            0x00000385   Thumb Code     2  startup_tm4c123.o(.text)
    GPIOK_Handler                            0x00000387   Thumb Code     2  startup_tm4c123.o(.text)
    GPIOL_Handler                            0x00000389   Thumb Code     2  startup_tm4c123.o(.text)
    SSI2_Handler                             0x0000038b   Thumb Code     2  startup_tm4c123.o(.text)
    SSI3_Handler                             0x0000038d   Thumb Code     2  startup_tm4c123.o(.text)
    UART3_Handler                            0x0000038f   Thumb Code     2  startup_tm4c123.o(.text)
    UART4_Handler                            0x00000391   Thumb Code     2  startup_tm4c123.o(.text)
    UART5_Handler                            0x00000393   Thumb Code     2  startup_tm4c123.o(.text)
    UART6_Handler                            0x00000395   Thumb Code     2  startup_tm4c123.o(.text)
    UART7_Handler                            0x00000397   Thumb Code     2  startup_tm4c123.o(.text)
    I2C2_Handler                             0x00000399   Thumb Code     2  startup_tm4c123.o(.text)
    I2C3_Handler                             0x0000039b   Thumb Code     2  startup_tm4c123.o(.text)
    TIMER4A_Handler                          0x0000039d   Thumb Code     2  startup_tm4c123.o(.text)
    TIMER4B_Handler                          0x0000039f   Thumb Code     2  startup_tm4c123.o(.text)
    TIMER5A_Handler                          0x000003a1   Thumb Code     2  startup_tm4c123.o(.text)
    TIMER5B_Handler                          0x000003a3   Thumb Code     2  startup_tm4c123.o(.text)
    WTIMER0A_Handler                         0x000003a5   Thumb Code     2  startup_tm4c123.o(.text)
    WTIMER0B_Handler                         0x000003a7   Thumb Code     2  startup_tm4c123.o(.text)
    WTIMER1A_Handler                         0x000003a9   Thumb Code     2  startup_tm4c123.o(.text)
    WTIMER1B_Handler                         0x000003ab   Thumb Code     2  startup_tm4c123.o(.text)
    WTIMER2A_Handler                         0x000003ad   Thumb Code     2  startup_tm4c123.o(.text)
    WTIMER2B_Handler                         0x000003af   Thumb Code     2  startup_tm4c123.o(.text)
    WTIMER3A_Handler                         0x000003b1   Thumb Code     2  startup_tm4c123.o(.text)
    WTIMER3B_Handler                         0x000003b3   Thumb Code     2  startup_tm4c123.o(.text)
    WTIMER4A_Handler                         0x000003b5   Thumb Code     2  startup_tm4c123.o(.text)
    WTIMER4B_Handler                         0x000003b7   Thumb Code     2  startup_tm4c123.o(.text)
    WTIMER5A_Handler                         0x000003b9   Thumb Code     2  startup_tm4c123.o(.text)
    WTIMER5B_Handler                         0x000003bb   Thumb Code     2  startup_tm4c123.o(.text)
    FPU_Handler                              0x000003bd   Thumb Code     2  startup_tm4c123.o(.text)
    I2C4_Handler                             0x000003bf   Thumb Code     2  startup_tm4c123.o(.text)
    I2C5_Handler                             0x000003c1   Thumb Code     2  startup_tm4c123.o(.text)
    GPIOM_Handler                            0x000003c3   Thumb Code     2  startup_tm4c123.o(.text)
    GPION_Handler                            0x000003c5   Thumb Code     2  startup_tm4c123.o(.text)
    QEI2_Handler                             0x000003c7   Thumb Code     2  startup_tm4c123.o(.text)
    GPIOP0_Handler                           0x000003c9   Thumb Code     2  startup_tm4c123.o(.text)
    GPIOP1_Handler                           0x000003cb   Thumb Code     2  startup_tm4c123.o(.text)
    GPIOP2_Handler                           0x000003cd   Thumb Code     2  startup_tm4c123.o(.text)
    GPIOP3_Handler                           0x000003cf   Thumb Code     2  startup_tm4c123.o(.text)
    GPIOP4_Handler                           0x000003d1   Thumb Code     2  startup_tm4c123.o(.text)
    GPIOP5_Handler                           0x000003d3   Thumb Code     2  startup_tm4c123.o(.text)
    GPIOP6_Handler                           0x000003d5   Thumb Code     2  startup_tm4c123.o(.text)
    GPIOP7_Handler                           0x000003d7   Thumb Code     2  startup_tm4c123.o(.text)
    GPIOQ0_Handler                           0x000003d9   Thumb Code     2  startup_tm4c123.o(.text)
    GPIOQ1_Handler                           0x000003db   Thumb Code     2  startup_tm4c123.o(.text)
    GPIOQ2_Handler                           0x000003dd   Thumb Code     2  startup_tm4c123.o(.text)
    GPIOQ3_Handler                           0x000003df   Thumb Code     2  startup_tm4c123.o(.text)
    GPIOQ4_Handler                           0x000003e1   Thumb Code     2  startup_tm4c123.o(.text)
    GPIOQ5_Handler                           0x000003e3   Thumb Code     2  startup_tm4c123.o(.text)
    GPIOQ6_Handler                           0x000003e5   Thumb Code     2  startup_tm4c123.o(.text)
    GPIOQ7_Handler                           0x000003e7   Thumb Code     2  startup_tm4c123.o(.text)
    GPIOR_Handler                            0x000003e9   Thumb Code     2  startup_tm4c123.o(.text)
    GPIOS_Handler                            0x000003eb   Thumb Code     2  startup_tm4c123.o(.text)
    PMW1_0_Handler                           0x000003ed   Thumb Code     2  startup_tm4c123.o(.text)
    PWM1_1_Handler                           0x000003ef   Thumb Code     2  startup_tm4c123.o(.text)
    PWM1_2_Handler                           0x000003f1   Thumb Code     2  startup_tm4c123.o(.text)
    PWM1_3_Handler                           0x000003f3   Thumb Code     2  startup_tm4c123.o(.text)
    PWM1_FAULT_Handler                       0x000003f5   Thumb Code     2  startup_tm4c123.o(.text)
    DisableInterrupts                        0x000003f9   Thumb Code     0  startup_tm4c123.o(.text)
    EnableInterrupts                         0x000003fd   Thumb Code     0  startup_tm4c123.o(.text)
    StartCritical                            0x00000401   Thumb Code     0  startup_tm4c123.o(.text)
    EndCritical                              0x00000409   Thumb Code     0  startup_tm4c123.o(.text)
    WaitForInterrupt                         0x0000040f   Thumb Code     0  startup_tm4c123.o(.text)
    __user_initial_stackheap                 0x00000413   Thumb Code     0  startup_tm4c123.o(.text)
    __use_two_region_memory                  0x0000042d   Thumb Code     2  heapauxi.o(.text)
    __rt_heap_escrow                         0x0000042f   Thumb Code     2  heapauxi.o(.text)
    __rt_heap_expand                         0x00000431   Thumb Code     2  heapauxi.o(.text)
    __read_errno                             0x00000433   Thumb Code    10  _rserrno.o(.text)
    __set_errno                              0x0000043d   Thumb Code    12  _rserrno.o(.text)
    __user_libspace                          0x00000449   Thumb Code     8  libspace.o(.text)
    __user_perproc_libspace                  0x00000449   Thumb Code     0  libspace.o(.text)
    __user_perthread_libspace                0x00000449   Thumb Code     0  libspace.o(.text)
    __aeabi_errno_addr                       0x00000451   Thumb Code     8  rt_errno_addr_intlibspace.o(.text)
    __errno$intlibspace                      0x00000451   Thumb Code     0  rt_errno_addr_intlibspace.o(.text)
    __rt_errno_addr$intlibspace              0x00000451   Thumb Code     0  rt_errno_addr_intlibspace.o(.text)
    __user_setup_stackheap                   0x00000459   Thumb Code    74  sys_stackheap_outer.o(.text)
    exit                                     0x000004a3   Thumb Code    18  exit.o(.text)
    _sys_exit                                0x000004b5   Thumb Code     8  sys_exit.o(.text)
    __I$use$semihosting                      0x000004c1   Thumb Code     0  use_no_semi.o(.text)
    __use_no_semihosting_swi                 0x000004c1   Thumb Code     2  use_no_semi.o(.text)
    __semihosting_library_function           0x000004c3   Thumb Code     0  indicate_semi.o(.text)
    Arc_Param_Cal                            0x000004c5   Thumb Code   154  circle.o(i.Arc_Param_Cal)
    Arc_Param_Init                           0x00000575   Thumb Code    52  circle.o(i.Arc_Param_Init)
    Circular_Interpolation                   0x000005c5   Thumb Code   600  circle.o(i.Circular_Interpolation)
    G02                                      0x00000839   Thumb Code    20  circle.o(i.G02)
    PLL_Init                                 0x0000084d   Thumb Code   120  pll.o(i.PLL_Init)
    SysTick_Init                             0x000008c9   Thumb Code    22  systick.o(i.SysTick_Init)
    UART_OutChar                             0x000008e5   Thumb Code    52  uart.o(i.UART_OutChar)
    UART_OutDec                              0x00000921   Thumb Code    86  uart.o(i.UART_OutDec)
    __ARM_fpclassify                         0x00000977   Thumb Code    40  fpclassify.o(i.__ARM_fpclassify)
    __kernel_poly                            0x0000099f   Thumb Code   170  poly.o(i.__kernel_poly)
    __mathlib_dbl_divzero                    0x00000a49   Thumb Code    12  dunder.o(i.__mathlib_dbl_divzero)
    __mathlib_dbl_infnan                     0x00000a59   Thumb Code     6  dunder.o(i.__mathlib_dbl_infnan)
    __mathlib_dbl_infnan2                    0x00000a5f   Thumb Code     4  dunder.o(i.__mathlib_dbl_infnan2)
    __mathlib_dbl_invalid                    0x00000a63   Thumb Code    12  dunder.o(i.__mathlib_dbl_invalid)
    __mathlib_dbl_overflow                   0x00000a6f   Thumb Code    14  dunder.o(i.__mathlib_dbl_overflow)
    __mathlib_dbl_underflow                  0x00000a7d   Thumb Code    10  dunder.o(i.__mathlib_dbl_underflow)
    acos                                     0x00000a8d   Thumb Code   574  acos.o(i.acos)
    adjust_num                               0x00000d09   Thumb Code    30  misc.o(i.adjust_num)
    __softfp_copysign                        0x00000d2d   Thumb Code     0  copysign.o(i.copysign)
    copysign                                 0x00000d2d   Thumb Code    10  copysign.o(i.copysign)
    current                                  0x00000d37   Thumb Code     8  systick.o(i.current)
    direction_binrep                         0x00000d3f   Thumb Code   100  circle.o(i.direction_binrep)
    get_centers                              0x00000da5   Thumb Code  1364  circle.o(i.get_centers)
    main                                     0x00001305   Thumb Code    58  main.o(i.main)
    pow                                      0x00001359   Thumb Code  2512  pow.o(i.pow)
    quadrant_binrep                          0x00001d31   Thumb Code    22  circle.o(i.quadrant_binrep)
    sqrt                                     0x00001d47   Thumb Code    76  sqrt.o(i.sqrt)
    start_micro                              0x00001d93   Thumb Code    10  systick.o(i.start_micro)
    __aeabi_dadd                             0x00001d9d   Thumb Code     0  daddsub_clz.o(x$fpl$dadd)
    _dadd                                    0x00001d9d   Thumb Code   332  daddsub_clz.o(x$fpl$dadd)
    __fpl_dcheck_NaN1                        0x00001eed   Thumb Code    10  dcheck1.o(x$fpl$dcheck1)
    __fpl_dcmp_Inf                           0x00001efd   Thumb Code    24  dcmpi.o(x$fpl$dcmpinf)
    __aeabi_ddiv                             0x00001f15   Thumb Code     0  ddiv.o(x$fpl$ddiv)
    _ddiv                                    0x00001f15   Thumb Code   552  ddiv.o(x$fpl$ddiv)
    __aeabi_d2iz                             0x000021c5   Thumb Code     0  dfix.o(x$fpl$dfix)
    _dfix                                    0x000021c5   Thumb Code    94  dfix.o(x$fpl$dfix)
    __aeabi_i2d                              0x00002223   Thumb Code     0  dflt_clz.o(x$fpl$dflt)
    _dflt                                    0x00002223   Thumb Code    46  dflt_clz.o(x$fpl$dflt)
    __aeabi_cdcmple                          0x00002251   Thumb Code     0  dleqf.o(x$fpl$dleqf)
    _dcmple                                  0x00002251   Thumb Code   120  dleqf.o(x$fpl$dleqf)
    __fpl_dcmple_InfNaN                      0x000022b3   Thumb Code     0  dleqf.o(x$fpl$dleqf)
    __aeabi_dmul                             0x000022c9   Thumb Code     0  dmul.o(x$fpl$dmul)
    _dmul                                    0x000022c9   Thumb Code   332  dmul.o(x$fpl$dmul)
    __fpl_dnaninf                            0x0000241d   Thumb Code   156  dnaninf.o(x$fpl$dnaninf)
    __fpl_dretinf                            0x000024b9   Thumb Code    12  dretinf.o(x$fpl$dretinf)
    __aeabi_cdrcmple                         0x000024c5   Thumb Code     0  drleqf.o(x$fpl$drleqf)
    _drcmple                                 0x000024c5   Thumb Code   108  drleqf.o(x$fpl$drleqf)
    __aeabi_drsub                            0x00002531   Thumb Code     0  daddsub_clz.o(x$fpl$drsb)
    _drsb                                    0x00002531   Thumb Code    22  daddsub_clz.o(x$fpl$drsb)
    _dsqrt                                   0x00002549   Thumb Code   404  dsqrt_umaal.o(x$fpl$dsqrt)
    __aeabi_dsub                             0x000026e1   Thumb Code     0  daddsub_clz.o(x$fpl$dsub)
    _dsub                                    0x000026e1   Thumb Code   464  daddsub_clz.o(x$fpl$dsub)
    __fpl_return_NaN                         0x000028b5   Thumb Code   100  retnan.o(x$fpl$retnan)
    __ARM_scalbn                             0x00002919   Thumb Code    92  scalbn.o(x$fpl$scalbn)
    __fpl_cmpreturn                          0x00002975   Thumb Code    48  trapv.o(x$fpl$trapveneer)
    __I$use$fp                               0x000029a4   Number         0  usenofp.o(x$fpl$usenofp)
    __mathlib_zero                           0x00002a80   Data           8  qnan.o(.constdata)
    Region$$Table$$Base                      0x00002a88   Number         0  anon$$obj.o(Region$$Table)
    Region$$Table$$Limit                     0x00002aa8   Number         0  anon$$obj.o(Region$$Table)
    Gnext                                    0x20000020   Data         112  main.o(.bss)
    Gcurrent                                 0x20000090   Data         112  main.o(.bss)
    machine_cons                             0x20000100   Data          24  main.o(.bss)
    center                                   0x20000118   Data          24  main.o(.bss)
    __libspace_start                         0x20000170   Data          96  libspace.o(.bss)
    __temporary_stack_top$libspace           0x200001d0   Data           0  libspace.o(.bss)



==============================================================================

Memory Map of the image

  Image Entry point : 0x00000309

  Load Region LR_1 (Base: 0x00000000, Size: 0x00002ac4, Max: 0xffffffff, ABSOLUTE)

    Execution Region ER_RO (Base: 0x00000000, Size: 0x00002aa8, Max: 0xffffffff, ABSOLUTE)

    Base Addr    Size         Type   Attr      Idx    E Section Name        Object

    0x00000000   0x0000026c   Data   RO            3    RESET               startup_tm4c123.o
    0x0000026c   0x00000008   Code   RO          387  * !!!main             c_w.l(__main.o)
    0x00000274   0x00000034   Code   RO          709    !!!scatter          c_w.l(__scatter.o)
    0x000002a8   0x0000001a   Code   RO          711    !!handler_copy      c_w.l(__scatter_copy.o)
    0x000002c2   0x00000002   PAD
    0x000002c4   0x0000001c   Code   RO          713    !!handler_zi        c_w.l(__scatter_zi.o)
    0x000002e0   0x00000002   Code   RO          635    .ARM.Collect$$libinit$$00000000  c_w.l(libinit.o)
    0x000002e2   0x00000000   Code   RO          566    .ARM.Collect$$libinit$$00000002  c_w.l(libinit2.o)
    0x000002e2   0x00000000   Code   RO          568    .ARM.Collect$$libinit$$00000004  c_w.l(libinit2.o)
    0x000002e2   0x00000000   Code   RO          571    .ARM.Collect$$libinit$$0000000A  c_w.l(libinit2.o)
    0x000002e2   0x00000000   Code   RO          573    .ARM.Collect$$libinit$$0000000C  c_w.l(libinit2.o)
    0x000002e2   0x00000000   Code   RO          575    .ARM.Collect$$libinit$$0000000E  c_w.l(libinit2.o)
    0x000002e2   0x00000000   Code   RO          578    .ARM.Collect$$libinit$$00000011  c_w.l(libinit2.o)
    0x000002e2   0x00000000   Code   RO          580    .ARM.Collect$$libinit$$00000013  c_w.l(libinit2.o)
    0x000002e2   0x00000000   Code   RO          582    .ARM.Collect$$libinit$$00000015  c_w.l(libinit2.o)
    0x000002e2   0x00000000   Code   RO          584    .ARM.Collect$$libinit$$00000017  c_w.l(libinit2.o)
    0x000002e2   0x00000000   Code   RO          586    .ARM.Collect$$libinit$$00000019  c_w.l(libinit2.o)
    0x000002e2   0x00000000   Code   RO          588    .ARM.Collect$$libinit$$0000001B  c_w.l(libinit2.o)
    0x000002e2   0x00000000   Code   RO          590    .ARM.Collect$$libinit$$0000001D  c_w.l(libinit2.o)
    0x000002e2   0x00000000   Code   RO          592    .ARM.Collect$$libinit$$0000001F  c_w.l(libinit2.o)
    0x000002e2   0x00000000   Code   RO          594    .ARM.Collect$$libinit$$00000021  c_w.l(libinit2.o)
    0x000002e2   0x00000000   Code   RO          596    .ARM.Collect$$libinit$$00000023  c_w.l(libinit2.o)
    0x000002e2   0x00000000   Code   RO          598    .ARM.Collect$$libinit$$00000025  c_w.l(libinit2.o)
    0x000002e2   0x00000000   Code   RO          602    .ARM.Collect$$libinit$$0000002C  c_w.l(libinit2.o)
    0x000002e2   0x00000000   Code   RO          604    .ARM.Collect$$libinit$$0000002E  c_w.l(libinit2.o)
    0x000002e2   0x00000000   Code   RO          606    .ARM.Collect$$libinit$$00000030  c_w.l(libinit2.o)
    0x000002e2   0x00000000   Code   RO          608    .ARM.Collect$$libinit$$00000032  c_w.l(libinit2.o)
    0x000002e2   0x00000002   Code   RO          609    .ARM.Collect$$libinit$$00000033  c_w.l(libinit2.o)
    0x000002e4   0x00000002   Code   RO          706    .ARM.Collect$$libshutdown$$00000000  c_w.l(libshutdown.o)
    0x000002e6   0x00000000   Code   RO          660    .ARM.Collect$$libshutdown$$00000002  c_w.l(libshutdown2.o)
    0x000002e6   0x00000000   Code   RO          662    .ARM.Collect$$libshutdown$$00000004  c_w.l(libshutdown2.o)
    0x000002e6   0x00000000   Code   RO          665    .ARM.Collect$$libshutdown$$00000007  c_w.l(libshutdown2.o)
    0x000002e6   0x00000000   Code   RO          668    .ARM.Collect$$libshutdown$$0000000A  c_w.l(libshutdown2.o)
    0x000002e6   0x00000000   Code   RO          670    .ARM.Collect$$libshutdown$$0000000C  c_w.l(libshutdown2.o)
    0x000002e6   0x00000000   Code   RO          673    .ARM.Collect$$libshutdown$$0000000F  c_w.l(libshutdown2.o)
    0x000002e6   0x00000002   Code   RO          674    .ARM.Collect$$libshutdown$$00000010  c_w.l(libshutdown2.o)
    0x000002e8   0x00000000   Code   RO          451    .ARM.Collect$$rtentry$$00000000  c_w.l(__rtentry.o)
    0x000002e8   0x00000000   Code   RO          525    .ARM.Collect$$rtentry$$00000002  c_w.l(__rtentry2.o)
    0x000002e8   0x00000006   Code   RO          537    .ARM.Collect$$rtentry$$00000004  c_w.l(__rtentry4.o)
    0x000002ee   0x00000000   Code   RO          527    .ARM.Collect$$rtentry$$00000009  c_w.l(__rtentry2.o)
    0x000002ee   0x00000004   Code   RO          528    .ARM.Collect$$rtentry$$0000000A  c_w.l(__rtentry2.o)
    0x000002f2   0x00000000   Code   RO          530    .ARM.Collect$$rtentry$$0000000C  c_w.l(__rtentry2.o)
    0x000002f2   0x00000008   Code   RO          531    .ARM.Collect$$rtentry$$0000000D  c_w.l(__rtentry2.o)
    0x000002fa   0x00000002   Code   RO          645    .ARM.Collect$$rtexit$$00000000  c_w.l(rtexit.o)
    0x000002fc   0x00000000   Code   RO          680    .ARM.Collect$$rtexit$$00000002  c_w.l(rtexit2.o)
    0x000002fc   0x00000004   Code   RO          681    .ARM.Collect$$rtexit$$00000003  c_w.l(rtexit2.o)
    0x00000300   0x00000006   Code   RO          682    .ARM.Collect$$rtexit$$00000004  c_w.l(rtexit2.o)
    0x00000306   0x00000002   PAD
    0x00000308   0x00000124   Code   RO            4  * .text               startup_tm4c123.o
    0x0000042c   0x00000006   Code   RO          385    .text               c_w.l(heapauxi.o)
    0x00000432   0x00000016   Code   RO          485    .text               c_w.l(_rserrno.o)
    0x00000448   0x00000008   Code   RO          521    .text               c_w.l(libspace.o)
    0x00000450   0x00000008   Code   RO          542    .text               c_w.l(rt_errno_addr_intlibspace.o)
    0x00000458   0x0000004a   Code   RO          614    .text               c_w.l(sys_stackheap_outer.o)
    0x000004a2   0x00000012   Code   RO          622    .text               c_w.l(exit.o)
    0x000004b4   0x0000000c   Code   RO          640    .text               c_w.l(sys_exit.o)
    0x000004c0   0x00000002   Code   RO          642    .text               c_w.l(use_no_semi.o)
    0x000004c2   0x00000000   Code   RO          644    .text               c_w.l(indicate_semi.o)
    0x000004c2   0x00000002   PAD
    0x000004c4   0x000000b0   Code   RO           46    i.Arc_Param_Cal     circle.o
    0x00000574   0x00000050   Code   RO           47    i.Arc_Param_Init    circle.o
    0x000005c4   0x00000274   Code   RO           48    i.Circular_Interpolation  circle.o
    0x00000838   0x00000014   Code   RO           49    i.G02               circle.o
    0x0000084c   0x0000007c   Code   RO          117    i.PLL_Init          pll.o
    0x000008c8   0x0000001c   Code   RO          129    i.SysTick_Init      systick.o
    0x000008e4   0x0000003c   Code   RO          236    i.UART_OutChar      uart.o
    0x00000920   0x00000056   Code   RO          237    i.UART_OutDec       uart.o
    0x00000976   0x00000028   Code   RO          516    i.__ARM_fpclassify  m_ws.l(fpclassify.o)
    0x0000099e   0x000000aa   Code   RO          518    i.__kernel_poly     m_ws.l(poly.o)
    0x00000a48   0x00000010   Code   RO          502    i.__mathlib_dbl_divzero  m_ws.l(dunder.o)
    0x00000a58   0x00000006   Code   RO          503    i.__mathlib_dbl_infnan  m_ws.l(dunder.o)
    0x00000a5e   0x00000004   Code   RO          504    i.__mathlib_dbl_infnan2  m_ws.l(dunder.o)
    0x00000a62   0x0000000c   Code   RO          505    i.__mathlib_dbl_invalid  m_ws.l(dunder.o)
    0x00000a6e   0x0000000e   Code   RO          506    i.__mathlib_dbl_overflow  m_ws.l(dunder.o)
    0x00000a7c   0x00000010   Code   RO          508    i.__mathlib_dbl_underflow  m_ws.l(dunder.o)
    0x00000a8c   0x0000027c   Code   RO          420    i.acos              m_ws.l(acos.o)
    0x00000d08   0x00000024   Code   RO          184    i.adjust_num        misc.o
    0x00000d2c   0x0000000a   Code   RO          429    i.copysign          m_ws.l(copysign.o)
    0x00000d36   0x00000008   Code   RO          131    i.current           systick.o
    0x00000d3e   0x00000064   Code   RO           50    i.direction_binrep  circle.o
    0x00000da2   0x00000002   PAD
    0x00000da4   0x00000560   Code   RO           51    i.get_centers       circle.o
    0x00001304   0x00000054   Code   RO           10    i.main              main.o
    0x00001358   0x000009d8   Code   RO          432    i.pow               m_ws.l(pow.o)
    0x00001d30   0x00000016   Code   RO           52    i.quadrant_binrep   circle.o
    0x00001d46   0x0000004c   Code   RO          442    i.sqrt              m_ws.l(sqrt.o)
    0x00001d92   0x0000000a   Code   RO          135    i.start_micro       systick.o
    0x00001d9c   0x00000150   Code   RO          389    x$fpl$dadd          fz_ws.l(daddsub_clz.o)
    0x00001eec   0x00000010   Code   RO          610    x$fpl$dcheck1       fz_ws.l(dcheck1.o)
    0x00001efc   0x00000018   Code   RO          491    x$fpl$dcmpinf       fz_ws.l(dcmpi.o)
    0x00001f14   0x000002b0   Code   RO          396    x$fpl$ddiv          fz_ws.l(ddiv.o)
    0x000021c4   0x0000005e   Code   RO          399    x$fpl$dfix          fz_ws.l(dfix.o)
    0x00002222   0x0000002e   Code   RO          408    x$fpl$dflt          fz_ws.l(dflt_clz.o)
    0x00002250   0x00000078   Code   RO          413    x$fpl$dleqf         fz_ws.l(dleqf.o)
    0x000022c8   0x00000154   Code   RO          415    x$fpl$dmul          fz_ws.l(dmul.o)
    0x0000241c   0x0000009c   Code   RO          493    x$fpl$dnaninf       fz_ws.l(dnaninf.o)
    0x000024b8   0x0000000c   Code   RO          495    x$fpl$dretinf       fz_ws.l(dretinf.o)
    0x000024c4   0x0000006c   Code   RO          417    x$fpl$drleqf        fz_ws.l(drleqf.o)
    0x00002530   0x00000016   Code   RO          390    x$fpl$drsb          fz_ws.l(daddsub_clz.o)
    0x00002546   0x00000002   PAD
    0x00002548   0x00000198   Code   RO          497    x$fpl$dsqrt         fz_ws.l(dsqrt_umaal.o)
    0x000026e0   0x000001d4   Code   RO          391    x$fpl$dsub          fz_ws.l(daddsub_clz.o)
    0x000028b4   0x00000064   Code   RO          638    x$fpl$retnan        fz_ws.l(retnan.o)
    0x00002918   0x0000005c   Code   RO          499    x$fpl$scalbn        fz_ws.l(scalbn.o)
    0x00002974   0x00000030   Code   RO          675    x$fpl$trapveneer    fz_ws.l(trapv.o)
    0x000029a4   0x00000000   Code   RO          501    x$fpl$usenofp       fz_ws.l(usenofp.o)
    0x000029a4   0x00000004   PAD
    0x000029a8   0x00000050   Data   RO          421    .constdata          m_ws.l(acos.o)
    0x000029f8   0x00000088   Data   RO          433    .constdata          m_ws.l(pow.o)
    0x00002a80   0x00000008   Data   RO          520    .constdata          m_ws.l(qnan.o)
    0x00002a88   0x00000020   Data   RO          707    Region$$Table       anon$$obj.o


    Execution Region ER_RW (Base: 0x20000000, Size: 0x0000001c, Max: 0xffffffff, ABSOLUTE)

    Base Addr    Size         Type   Attr      Idx    E Section Name        Object

    0x20000000   0x0000001c   Data   RW           54    .data               circle.o


    Execution Region ER_ZI (Base: 0x2000001c, Size: 0x000003b4, Max: 0xffffffff, ABSOLUTE)

    Base Addr    Size         Type   Attr      Idx    E Section Name        Object

    0x2000001c   0x00000004   PAD
    0x20000020   0x00000110   Zero   RW           11    .bss                main.o
    0x20000130   0x00000040   Zero   RW           53    .bss                circle.o
    0x20000170   0x00000060   Zero   RW          522    .bss                c_w.l(libspace.o)
    0x200001d0   0x00000000   Zero   RW            2    HEAP                startup_tm4c123.o
    0x200001d0   0x00000200   Zero   RW            1    STACK               startup_tm4c123.o


==============================================================================

Image component sizes


      Code (inc. data)   RO Data    RW Data    ZI Data      Debug   Object Name

      2402        114          0         28         64       5338   circle.o
        84         26          0          0        272       5738   main.o
        36          6          0          0          0        477   misc.o
       124          4          0          0          0        399   pll.o
       292         18        620          0        512       5468   startup_tm4c123.o
        46          6          0          0          0       1119   systick.o
       146          8          0          0          0       1109   uart.o

    ----------------------------------------------------------------------
      3132        182        652         28        852      19648   Object Totals
         0          0         32          0          0          0   (incl. Generated)
         2          0          0          0          4          0   (incl. Padding)

    ----------------------------------------------------------------------

      Code (inc. data)   RO Data    RW Data    ZI Data      Debug   Library Member Name

         8          0          0          0          0         68   __main.o
         0          0          0          0          0          0   __rtentry.o
        12          0          0          0          0          0   __rtentry2.o
         6          0          0          0          0          0   __rtentry4.o
        52          8          0          0          0          0   __scatter.o
        26          0          0          0          0          0   __scatter_copy.o
        28          0          0          0          0          0   __scatter_zi.o
        22          0          0          0          0        100   _rserrno.o
        18          0          0          0          0         80   exit.o
         6          0          0          0          0        152   heapauxi.o
         0          0          0          0          0          0   indicate_semi.o
         2          0          0          0          0          0   libinit.o
         2          0          0          0          0          0   libinit2.o
         2          0          0          0          0          0   libshutdown.o
         2          0          0          0          0          0   libshutdown2.o
         8          4          0          0         96         68   libspace.o
         8          4          0          0          0         68   rt_errno_addr_intlibspace.o
         2          0          0          0          0          0   rtexit.o
        10          0          0          0          0          0   rtexit2.o
        12          4          0          0          0         68   sys_exit.o
        74          0          0          0          0         80   sys_stackheap_outer.o
         2          0          0          0          0         68   use_no_semi.o
       826         16          0          0          0        348   daddsub_clz.o
        16          4          0          0          0         68   dcheck1.o
        24          0          0          0          0         68   dcmpi.o
       688        140          0          0          0        208   ddiv.o
        94          4          0          0          0         92   dfix.o
        46          0          0          0          0         68   dflt_clz.o
       120          4          0          0          0         92   dleqf.o
       340         12          0          0          0        104   dmul.o
       156          4          0          0          0         92   dnaninf.o
        12          0          0          0          0         68   dretinf.o
       108          0          0          0          0         80   drleqf.o
       408         56          0          0          0        120   dsqrt_umaal.o
       100          0          0          0          0         68   retnan.o
        92          0          0          0          0         68   scalbn.o
        48          0          0          0          0         68   trapv.o
         0          0          0          0          0          0   usenofp.o
       636         62         80          0          0        188   acos.o
        10          0          0          0          0         68   copysign.o
        68         10          0          0          0        408   dunder.o
        40          0          0          0          0         68   fpclassify.o
       170          0          0          0          0         96   poly.o
      2520        190        136          0          0        324   pow.o
         0          0          8          0          0          0   qnan.o
        76          0          0          0          0         84   sqrt.o

    ----------------------------------------------------------------------
      6912        522        224          0         96       3600   Library Totals
        12          0          0          0          0          0   (incl. Padding)

    ----------------------------------------------------------------------

      Code (inc. data)   RO Data    RW Data    ZI Data      Debug   Library Name

       302         20          0          0         96        752   c_w.l
      3078        240          0          0          0       1612   fz_ws.l
      3520        262        224          0          0       1236   m_ws.l

    ----------------------------------------------------------------------
      6912        522        224          0         96       3600   Library Totals

    ----------------------------------------------------------------------

==============================================================================


      Code (inc. data)   RO Data    RW Data    ZI Data      Debug   

     10044        704        876         28        948      20904   Grand Totals
     10044        704        876         28        948      20904   ELF Image Totals
     10044        704        876         28          0          0   ROM Totals

==============================================================================

    Total RO  Size (Code + RO Data)                10920 (  10.66kB)
    Total RW  Size (RW Data + ZI Data)               976 (   0.95kB)
    Total ROM Size (Code + RO Data + RW Data)      10948 (  10.69kB)

==============================================================================

